Command line invocation:
    /Applications/Xcode.app/Contents/Developer/usr/bin/xcodebuild -scheme WatchYourDay -destination platform=macOS,arch=arm64 build

Resolve Package Graph


Resolved source packages:
  swift-atomics: https://github.com/apple/swift-atomics.git @ 1.3.0
  swift-log: https://github.com/apple/swift-log.git @ 1.8.0
  swift-asn1: https://github.com/apple/swift-asn1.git @ 1.5.1
  swift-system: https://github.com/apple/swift-system.git @ 1.6.3
  swift-nio: https://github.com/apple/swift-nio.git @ 2.92.2
  BigInt: https://github.com/attaswift/BigInt.git @ 5.7.0
  swift-collections: https://github.com/apple/swift-collections.git @ 1.3.0
  swift-crypto: https://github.com/apple/swift-crypto.git @ 3.15.1
  swift-nio-ssh: https://github.com/Joannis/swift-nio-ssh.git @ 0.3.5
  Citadel: https://github.com/orlandos-nl/Citadel @ 0.12.0

2026-01-14 15:14:55.737 xcodebuild[95771:1965195] [MT] IDERunDestination: Supported platforms for the buildables in the current scheme is empty.
ComputePackagePrebuildTargetDependencyGraph

Prepare packages

CreateBuildRequest

SendProjectDescription

CreateBuildOperation

ComputeTargetDependencyGraph
note: Building targets in dependency order
note: Target dependency graph (49 targets)
    Target 'WatchYourDay' in project 'WatchYourDay'
        ➜ Explicit dependency on target 'Citadel' in project 'Citadel'
    Target 'Citadel' in project 'Citadel'
        ➜ Explicit dependency on target 'Citadel' in project 'Citadel'
        ➜ Explicit dependency on target 'CCitadelBcrypt' in project 'Citadel'
        ➜ Explicit dependency on target 'NIOSSH' in project 'swift-nio-ssh'
        ➜ Explicit dependency on target 'Crypto' in project 'swift-crypto'
        ➜ Explicit dependency on target '_CryptoExtras' in project 'swift-crypto'
        ➜ Explicit dependency on target 'BigInt' in project 'BigInt'
        ➜ Explicit dependency on target 'Logging' in project 'swift-log'
    Target 'Citadel' in project 'Citadel'
        ➜ Explicit dependency on target 'CCitadelBcrypt' in project 'Citadel'
        ➜ Explicit dependency on target 'NIOSSH' in project 'swift-nio-ssh'
        ➜ Explicit dependency on target 'Crypto' in project 'swift-crypto'
        ➜ Explicit dependency on target '_CryptoExtras' in project 'swift-crypto'
        ➜ Explicit dependency on target 'BigInt' in project 'BigInt'
        ➜ Explicit dependency on target 'Logging' in project 'swift-log'
    Target 'Logging' in project 'swift-log'
        ➜ Explicit dependency on target 'Logging' in project 'swift-log'
    Target 'Logging' in project 'swift-log' (no dependencies)
    Target 'BigInt' in project 'BigInt'
        ➜ Explicit dependency on target 'BigInt' in project 'BigInt'
    Target 'BigInt' in project 'BigInt' (no dependencies)
    Target '_CryptoExtras' in project 'swift-crypto'
        ➜ Explicit dependency on target '_CryptoExtras' in project 'swift-crypto'
        ➜ Explicit dependency on target 'swift-crypto__CryptoExtras' in project 'swift-crypto'
        ➜ Explicit dependency on target 'CCryptoBoringSSL' in project 'swift-crypto'
        ➜ Explicit dependency on target 'CCryptoBoringSSLShims' in project 'swift-crypto'
        ➜ Explicit dependency on target 'CryptoBoringWrapper' in project 'swift-crypto'
        ➜ Explicit dependency on target 'Crypto' in project 'swift-crypto'
        ➜ Explicit dependency on target 'SwiftASN1' in project 'swift-asn1'
    Target '_CryptoExtras' in project 'swift-crypto'
        ➜ Explicit dependency on target 'swift-crypto__CryptoExtras' in project 'swift-crypto'
        ➜ Explicit dependency on target 'CCryptoBoringSSL' in project 'swift-crypto'
        ➜ Explicit dependency on target 'CCryptoBoringSSLShims' in project 'swift-crypto'
        ➜ Explicit dependency on target 'CryptoBoringWrapper' in project 'swift-crypto'
        ➜ Explicit dependency on target 'Crypto' in project 'swift-crypto'
        ➜ Explicit dependency on target 'SwiftASN1' in project 'swift-asn1'
    Target 'SwiftASN1' in project 'swift-asn1'
        ➜ Explicit dependency on target 'SwiftASN1' in project 'swift-asn1'
    Target 'SwiftASN1' in project 'swift-asn1' (no dependencies)
    Target 'CryptoBoringWrapper' in project 'swift-crypto'
        ➜ Explicit dependency on target 'swift-crypto_CryptoBoringWrapper' in project 'swift-crypto'
        ➜ Explicit dependency on target 'CCryptoBoringSSL' in project 'swift-crypto'
        ➜ Explicit dependency on target 'CCryptoBoringSSLShims' in project 'swift-crypto'
    Target 'swift-crypto_CryptoBoringWrapper' in project 'swift-crypto' (no dependencies)
    Target 'CCryptoBoringSSLShims' in project 'swift-crypto'
        ➜ Explicit dependency on target 'swift-crypto_CCryptoBoringSSLShims' in project 'swift-crypto'
        ➜ Explicit dependency on target 'CCryptoBoringSSL' in project 'swift-crypto'
    Target 'swift-crypto_CCryptoBoringSSLShims' in project 'swift-crypto' (no dependencies)
    Target 'CCryptoBoringSSL' in project 'swift-crypto'
        ➜ Explicit dependency on target 'swift-crypto_CCryptoBoringSSL' in project 'swift-crypto'
    Target 'swift-crypto_CCryptoBoringSSL' in project 'swift-crypto' (no dependencies)
    Target 'swift-crypto__CryptoExtras' in project 'swift-crypto' (no dependencies)
    Target 'NIOSSH' in project 'swift-nio-ssh'
        ➜ Explicit dependency on target 'NIOSSH' in project 'swift-nio-ssh'
        ➜ Explicit dependency on target 'NIOCore' in project 'swift-nio'
        ➜ Explicit dependency on target 'NIOConcurrencyHelpers' in project 'swift-nio'
        ➜ Explicit dependency on target 'NIOFoundationCompat' in project 'swift-nio'
        ➜ Explicit dependency on target 'Crypto' in project 'swift-crypto'
        ➜ Explicit dependency on target 'Atomics' in project 'swift-atomics'
    Target 'NIOSSH' in project 'swift-nio-ssh'
        ➜ Explicit dependency on target 'NIOCore' in project 'swift-nio'
        ➜ Explicit dependency on target 'NIOConcurrencyHelpers' in project 'swift-nio'
        ➜ Explicit dependency on target 'NIOFoundationCompat' in project 'swift-nio'
        ➜ Explicit dependency on target 'Crypto' in project 'swift-crypto'
        ➜ Explicit dependency on target 'Atomics' in project 'swift-atomics'
    Target 'Crypto' in project 'swift-crypto'
        ➜ Explicit dependency on target 'Crypto' in project 'swift-crypto'
        ➜ Explicit dependency on target 'swift-crypto_Crypto' in project 'swift-crypto'
    Target 'Crypto' in project 'swift-crypto'
        ➜ Explicit dependency on target 'swift-crypto_Crypto' in project 'swift-crypto'
    Target 'swift-crypto_Crypto' in project 'swift-crypto' (no dependencies)
    Target 'NIOFoundationCompat' in project 'swift-nio'
        ➜ Explicit dependency on target 'NIOFoundationCompat' in project 'swift-nio'
        ➜ Explicit dependency on target 'CNIOAtomics' in project 'swift-nio'
        ➜ Explicit dependency on target 'NIOConcurrencyHelpers' in project 'swift-nio'
        ➜ Explicit dependency on target '_NIOBase64' in project 'swift-nio'
        ➜ Explicit dependency on target 'CNIOOpenBSD' in project 'swift-nio'
        ➜ Explicit dependency on target 'CNIODarwin' in project 'swift-nio'
        ➜ Explicit dependency on target 'CNIOLinux' in project 'swift-nio'
        ➜ Explicit dependency on target 'CNIOWindows' in project 'swift-nio'
        ➜ Explicit dependency on target 'CNIOWASI' in project 'swift-nio'
        ➜ Explicit dependency on target '_NIODataStructures' in project 'swift-nio'
        ➜ Explicit dependency on target 'NIOCore' in project 'swift-nio'
        ➜ Explicit dependency on target 'NIOEmbedded' in project 'swift-nio'
        ➜ Explicit dependency on target 'CNIOPosix' in project 'swift-nio'
        ➜ Explicit dependency on target 'NIOPosix' in project 'swift-nio'
        ➜ Explicit dependency on target 'NIO' in project 'swift-nio'
        ➜ Explicit dependency on target 'DequeModule' in project 'swift-collections'
        ➜ Explicit dependency on target 'Atomics' in project 'swift-atomics'
    Target 'NIOFoundationCompat' in project 'swift-nio'
        ➜ Explicit dependency on target 'CNIOAtomics' in project 'swift-nio'
        ➜ Explicit dependency on target 'NIOConcurrencyHelpers' in project 'swift-nio'
        ➜ Explicit dependency on target '_NIOBase64' in project 'swift-nio'
        ➜ Explicit dependency on target 'CNIOOpenBSD' in project 'swift-nio'
        ➜ Explicit dependency on target 'CNIODarwin' in project 'swift-nio'
        ➜ Explicit dependency on target 'CNIOLinux' in project 'swift-nio'
        ➜ Explicit dependency on target 'CNIOWindows' in project 'swift-nio'
        ➜ Explicit dependency on target 'CNIOWASI' in project 'swift-nio'
        ➜ Explicit dependency on target '_NIODataStructures' in project 'swift-nio'
        ➜ Explicit dependency on target 'NIOCore' in project 'swift-nio'
        ➜ Explicit dependency on target 'NIOEmbedded' in project 'swift-nio'
        ➜ Explicit dependency on target 'CNIOPosix' in project 'swift-nio'
        ➜ Explicit dependency on target 'NIOPosix' in project 'swift-nio'
        ➜ Explicit dependency on target 'NIO' in project 'swift-nio'
        ➜ Explicit dependency on target 'DequeModule' in project 'swift-collections'
        ➜ Explicit dependency on target 'Atomics' in project 'swift-atomics'
    Target 'NIO' in project 'swift-nio'
        ➜ Explicit dependency on target 'CNIOAtomics' in project 'swift-nio'
        ➜ Explicit dependency on target 'NIOConcurrencyHelpers' in project 'swift-nio'
        ➜ Explicit dependency on target '_NIOBase64' in project 'swift-nio'
        ➜ Explicit dependency on target 'CNIOOpenBSD' in project 'swift-nio'
        ➜ Explicit dependency on target 'CNIODarwin' in project 'swift-nio'
        ➜ Explicit dependency on target 'CNIOLinux' in project 'swift-nio'
        ➜ Explicit dependency on target 'CNIOWindows' in project 'swift-nio'
        ➜ Explicit dependency on target 'CNIOWASI' in project 'swift-nio'
        ➜ Explicit dependency on target '_NIODataStructures' in project 'swift-nio'
        ➜ Explicit dependency on target 'NIOCore' in project 'swift-nio'
        ➜ Explicit dependency on target 'NIOEmbedded' in project 'swift-nio'
        ➜ Explicit dependency on target 'CNIOPosix' in project 'swift-nio'
        ➜ Explicit dependency on target 'NIOPosix' in project 'swift-nio'
        ➜ Explicit dependency on target 'DequeModule' in project 'swift-collections'
        ➜ Explicit dependency on target 'Atomics' in project 'swift-atomics'
    Target 'NIOPosix' in project 'swift-nio'
        ➜ Explicit dependency on target 'swift-nio_NIOPosix' in project 'swift-nio'
        ➜ Explicit dependency on target 'CNIOOpenBSD' in project 'swift-nio'
        ➜ Explicit dependency on target 'CNIOLinux' in project 'swift-nio'
        ➜ Explicit dependency on target 'CNIODarwin' in project 'swift-nio'
        ➜ Explicit dependency on target 'CNIOWindows' in project 'swift-nio'
        ➜ Explicit dependency on target 'CNIOAtomics' in project 'swift-nio'
        ➜ Explicit dependency on target 'NIOConcurrencyHelpers' in project 'swift-nio'
        ➜ Explicit dependency on target '_NIOBase64' in project 'swift-nio'
        ➜ Explicit dependency on target 'CNIOWASI' in project 'swift-nio'
        ➜ Explicit dependency on target '_NIODataStructures' in project 'swift-nio'
        ➜ Explicit dependency on target 'NIOCore' in project 'swift-nio'
        ➜ Explicit dependency on target 'CNIOPosix' in project 'swift-nio'
        ➜ Explicit dependency on target 'DequeModule' in project 'swift-collections'
        ➜ Explicit dependency on target 'Atomics' in project 'swift-atomics'
    Target 'swift-nio_NIOPosix' in project 'swift-nio' (no dependencies)
    Target 'CNIOPosix' in project 'swift-nio' (no dependencies)
    Target 'NIOEmbedded' in project 'swift-nio'
        ➜ Explicit dependency on target 'CNIOAtomics' in project 'swift-nio'
        ➜ Explicit dependency on target 'NIOConcurrencyHelpers' in project 'swift-nio'
        ➜ Explicit dependency on target '_NIOBase64' in project 'swift-nio'
        ➜ Explicit dependency on target 'CNIOOpenBSD' in project 'swift-nio'
        ➜ Explicit dependency on target 'CNIODarwin' in project 'swift-nio'
        ➜ Explicit dependency on target 'CNIOLinux' in project 'swift-nio'
        ➜ Explicit dependency on target 'CNIOWindows' in project 'swift-nio'
        ➜ Explicit dependency on target 'CNIOWASI' in project 'swift-nio'
        ➜ Explicit dependency on target '_NIODataStructures' in project 'swift-nio'
        ➜ Explicit dependency on target 'NIOCore' in project 'swift-nio'
        ➜ Explicit dependency on target 'DequeModule' in project 'swift-collections'
        ➜ Explicit dependency on target 'Atomics' in project 'swift-atomics'
    Target 'NIOConcurrencyHelpers' in project 'swift-nio'
        ➜ Explicit dependency on target 'NIOConcurrencyHelpers' in project 'swift-nio'
        ➜ Explicit dependency on target 'CNIOAtomics' in project 'swift-nio'
    Target 'NIOCore' in project 'swift-nio'
        ➜ Explicit dependency on target 'NIOCore' in project 'swift-nio'
        ➜ Explicit dependency on target 'CNIOAtomics' in project 'swift-nio'
        ➜ Explicit dependency on target 'NIOConcurrencyHelpers' in project 'swift-nio'
        ➜ Explicit dependency on target '_NIOBase64' in project 'swift-nio'
        ➜ Explicit dependency on target 'CNIOOpenBSD' in project 'swift-nio'
        ➜ Explicit dependency on target 'CNIODarwin' in project 'swift-nio'
        ➜ Explicit dependency on target 'CNIOLinux' in project 'swift-nio'
        ➜ Explicit dependency on target 'CNIOWindows' in project 'swift-nio'
        ➜ Explicit dependency on target 'CNIOWASI' in project 'swift-nio'
        ➜ Explicit dependency on target '_NIODataStructures' in project 'swift-nio'
        ➜ Explicit dependency on target 'DequeModule' in project 'swift-collections'
        ➜ Explicit dependency on target 'Atomics' in project 'swift-atomics'
    Target 'NIOCore' in project 'swift-nio'
        ➜ Explicit dependency on target 'CNIOAtomics' in project 'swift-nio'
        ➜ Explicit dependency on target 'NIOConcurrencyHelpers' in project 'swift-nio'
        ➜ Explicit dependency on target '_NIOBase64' in project 'swift-nio'
        ➜ Explicit dependency on target 'CNIOOpenBSD' in project 'swift-nio'
        ➜ Explicit dependency on target 'CNIODarwin' in project 'swift-nio'
        ➜ Explicit dependency on target 'CNIOLinux' in project 'swift-nio'
        ➜ Explicit dependency on target 'CNIOWindows' in project 'swift-nio'
        ➜ Explicit dependency on target 'CNIOWASI' in project 'swift-nio'
        ➜ Explicit dependency on target '_NIODataStructures' in project 'swift-nio'
        ➜ Explicit dependency on target 'DequeModule' in project 'swift-collections'
        ➜ Explicit dependency on target 'Atomics' in project 'swift-atomics'
    Target 'Atomics' in project 'swift-atomics'
        ➜ Explicit dependency on target 'Atomics' in project 'swift-atomics'
        ➜ Explicit dependency on target '_AtomicsShims' in project 'swift-atomics'
    Target 'Atomics' in project 'swift-atomics'
        ➜ Explicit dependency on target '_AtomicsShims' in project 'swift-atomics'
    Target '_AtomicsShims' in project 'swift-atomics' (no dependencies)
    Target 'DequeModule' in project 'swift-collections'
        ➜ Explicit dependency on target 'DequeModule' in project 'swift-collections'
        ➜ Explicit dependency on target 'InternalCollectionsUtilities' in project 'swift-collections'
    Target 'DequeModule' in project 'swift-collections'
        ➜ Explicit dependency on target 'InternalCollectionsUtilities' in project 'swift-collections'
    Target 'InternalCollectionsUtilities' in project 'swift-collections' (no dependencies)
    Target '_NIODataStructures' in project 'swift-nio' (no dependencies)
    Target 'CNIOWASI' in project 'swift-nio' (no dependencies)
    Target 'CNIOWindows' in project 'swift-nio' (no dependencies)
    Target 'CNIOLinux' in project 'swift-nio' (no dependencies)
    Target 'CNIODarwin' in project 'swift-nio' (no dependencies)
    Target 'CNIOOpenBSD' in project 'swift-nio' (no dependencies)
    Target '_NIOBase64' in project 'swift-nio' (no dependencies)
    Target 'NIOConcurrencyHelpers' in project 'swift-nio'
        ➜ Explicit dependency on target 'CNIOAtomics' in project 'swift-nio'
    Target 'CNIOAtomics' in project 'swift-nio' (no dependencies)
    Target 'CCitadelBcrypt' in project 'Citadel' (no dependencies)

GatherProvisioningInputs

CreateBuildDescription

ExecuteExternalTool /Applications/Xcode.app/Contents/Developer/Toolchains/XcodeDefault.xctoolchain/usr/bin/clang -v -E -dM -arch arm64 -isysroot /Applications/Xcode.app/Contents/Developer/Platforms/MacOSX.platform/Developer/SDKs/MacOSX26.1.sdk -x c -c /dev/null

ExecuteExternalTool /Applications/Xcode.app/Contents/Developer/Toolchains/XcodeDefault.xctoolchain/usr/bin/swiftc --version

ExecuteExternalTool /Applications/Xcode.app/Contents/Developer/Toolchains/XcodeDefault.xctoolchain/usr/bin/clang -v -E -dM -arch arm64 -isysroot /Applications/Xcode.app/Contents/Developer/Platforms/MacOSX.platform/Developer/SDKs/MacOSX26.1.sdk -x objective-c -c /dev/null

ExecuteExternalTool /Applications/Xcode.app/Contents/Developer/Toolchains/XcodeDefault.xctoolchain/usr/bin/clang -v -E -dM -isysroot /Applications/Xcode.app/Contents/Developer/Platforms/MacOSX.platform/Developer/SDKs/MacOSX26.1.sdk -x c -c /dev/null

ExecuteExternalTool /Applications/Xcode.app/Contents/Developer/usr/bin/actool --version --output-format xml1

ExecuteExternalTool /Applications/Xcode.app/Contents/Developer/Toolchains/XcodeDefault.xctoolchain/usr/bin/ld -version_details

ExecuteExternalTool /Applications/Xcode.app/Contents/Developer/Toolchains/XcodeDefault.xctoolchain/usr/bin/clang -v -E -dM -arch arm64 -isysroot /Applications/Xcode.app/Contents/Developer/Platforms/MacOSX.platform/Developer/SDKs/MacOSX26.1.sdk -x c++ -c /dev/null

ReadFileContents /Applications/Xcode.app/Contents/Developer/Toolchains/XcodeDefault.xctoolchain/usr/share/docc/features.json

ExecuteExternalTool /Applications/Xcode.app/Contents/Developer/Toolchains/XcodeDefault.xctoolchain/usr/bin/clang -v -E -dM -arch arm64 -isysroot /Applications/Xcode.app/Contents/Developer/Platforms/MacOSX.platform/Developer/SDKs/MacOSX26.1.sdk -x assembler-with-cpp -c /dev/null

Build description signature: 91c7399c4fe4e479b3e55124a6f1def9
Build description path: /Users/dogan/Library/Developer/Xcode/DerivedData/WatchYourDay-biohctigausgrrdaiiiqanrjnyyy/Build/Intermediates.noindex/XCBuildData/91c7399c4fe4e479b3e55124a6f1def9.xcbuilddata
ClangStatCache /Applications/Xcode.app/Contents/Developer/Toolchains/XcodeDefault.xctoolchain/usr/bin/clang-stat-cache /Applications/Xcode.app/Contents/Developer/Platforms/MacOSX.platform/Developer/SDKs/MacOSX26.1.sdk /Users/dogan/Library/Developer/Xcode/DerivedData/SDKStatCaches.noindex/macosx26.1-25B74-3885c01c3e6b6a337905948deab2002e3ae1261907bdadc328169391a47051a6.sdkstatcache
    cd /Users/dogan/Desktop/WatchYourComputer/WatchYourDay/WatchYourDay.xcodeproj
    /Applications/Xcode.app/Contents/Developer/Toolchains/XcodeDefault.xctoolchain/usr/bin/clang-stat-cache /Applications/Xcode.app/Contents/Developer/Platforms/MacOSX.platform/Developer/SDKs/MacOSX26.1.sdk -o /Users/dogan/Library/Developer/Xcode/DerivedData/SDKStatCaches.noindex/macosx26.1-25B74-3885c01c3e6b6a337905948deab2002e3ae1261907bdadc328169391a47051a6.sdkstatcache

ProcessInfoPlistFile /Users/dogan/Library/Developer/Xcode/DerivedData/WatchYourDay-biohctigausgrrdaiiiqanrjnyyy/Build/Products/Debug/swift-crypto_Crypto.bundle/Contents/Info.plist /Users/dogan/Library/Developer/Xcode/DerivedData/WatchYourDay-biohctigausgrrdaiiiqanrjnyyy/Build/Intermediates.noindex/swift-crypto.build/Debug/swift-crypto_Crypto.build/empty-swift-crypto_Crypto.plist (in target 'swift-crypto_Crypto' from project 'swift-crypto')
    cd /Users/dogan/Library/Developer/Xcode/DerivedData/WatchYourDay-biohctigausgrrdaiiiqanrjnyyy/SourcePackages/checkouts/swift-crypto
    builtin-infoPlistUtility /Users/dogan/Library/Developer/Xcode/DerivedData/WatchYourDay-biohctigausgrrdaiiiqanrjnyyy/Build/Intermediates.noindex/swift-crypto.build/Debug/swift-crypto_Crypto.build/empty-swift-crypto_Crypto.plist -producttype com.apple.product-type.bundle -expandbuildsettings -platform macosx -o /Users/dogan/Library/Developer/Xcode/DerivedData/WatchYourDay-biohctigausgrrdaiiiqanrjnyyy/Build/Products/Debug/swift-crypto_Crypto.bundle/Contents/Info.plist

ProcessInfoPlistFile /Users/dogan/Library/Developer/Xcode/DerivedData/WatchYourDay-biohctigausgrrdaiiiqanrjnyyy/Build/Products/Debug/swift-crypto__CryptoExtras.bundle/Contents/Info.plist /Users/dogan/Library/Developer/Xcode/DerivedData/WatchYourDay-biohctigausgrrdaiiiqanrjnyyy/Build/Intermediates.noindex/swift-crypto.build/Debug/swift-crypto__CryptoExtras.build/empty-swift-crypto__CryptoExtras.plist (in target 'swift-crypto__CryptoExtras' from project 'swift-crypto')
    cd /Users/dogan/Library/Developer/Xcode/DerivedData/WatchYourDay-biohctigausgrrdaiiiqanrjnyyy/SourcePackages/checkouts/swift-crypto
    builtin-infoPlistUtility /Users/dogan/Library/Developer/Xcode/DerivedData/WatchYourDay-biohctigausgrrdaiiiqanrjnyyy/Build/Intermediates.noindex/swift-crypto.build/Debug/swift-crypto__CryptoExtras.build/empty-swift-crypto__CryptoExtras.plist -producttype com.apple.product-type.bundle -expandbuildsettings -platform macosx -o /Users/dogan/Library/Developer/Xcode/DerivedData/WatchYourDay-biohctigausgrrdaiiiqanrjnyyy/Build/Products/Debug/swift-crypto__CryptoExtras.bundle/Contents/Info.plist

ProcessInfoPlistFile /Users/dogan/Library/Developer/Xcode/DerivedData/WatchYourDay-biohctigausgrrdaiiiqanrjnyyy/Build/Products/Debug/swift-nio_NIOPosix.bundle/Contents/Info.plist /Users/dogan/Library/Developer/Xcode/DerivedData/WatchYourDay-biohctigausgrrdaiiiqanrjnyyy/Build/Intermediates.noindex/swift-nio.build/Debug/swift-nio_NIOPosix.build/empty-swift-nio_NIOPosix.plist (in target 'swift-nio_NIOPosix' from project 'swift-nio')
    cd /Users/dogan/Library/Developer/Xcode/DerivedData/WatchYourDay-biohctigausgrrdaiiiqanrjnyyy/SourcePackages/checkouts/swift-nio
    builtin-infoPlistUtility /Users/dogan/Library/Developer/Xcode/DerivedData/WatchYourDay-biohctigausgrrdaiiiqanrjnyyy/Build/Intermediates.noindex/swift-nio.build/Debug/swift-nio_NIOPosix.build/empty-swift-nio_NIOPosix.plist -producttype com.apple.product-type.bundle -expandbuildsettings -platform macosx -o /Users/dogan/Library/Developer/Xcode/DerivedData/WatchYourDay-biohctigausgrrdaiiiqanrjnyyy/Build/Products/Debug/swift-nio_NIOPosix.bundle/Contents/Info.plist

ProcessInfoPlistFile /Users/dogan/Library/Developer/Xcode/DerivedData/WatchYourDay-biohctigausgrrdaiiiqanrjnyyy/Build/Products/Debug/swift-crypto_CryptoBoringWrapper.bundle/Contents/Info.plist /Users/dogan/Library/Developer/Xcode/DerivedData/WatchYourDay-biohctigausgrrdaiiiqanrjnyyy/Build/Intermediates.noindex/swift-crypto.build/Debug/swift-crypto_CryptoBoringWrapper.build/empty-swift-crypto_CryptoBoringWrapper.plist (in target 'swift-crypto_CryptoBoringWrapper' from project 'swift-crypto')
    cd /Users/dogan/Library/Developer/Xcode/DerivedData/WatchYourDay-biohctigausgrrdaiiiqanrjnyyy/SourcePackages/checkouts/swift-crypto
    builtin-infoPlistUtility /Users/dogan/Library/Developer/Xcode/DerivedData/WatchYourDay-biohctigausgrrdaiiiqanrjnyyy/Build/Intermediates.noindex/swift-crypto.build/Debug/swift-crypto_CryptoBoringWrapper.build/empty-swift-crypto_CryptoBoringWrapper.plist -producttype com.apple.product-type.bundle -expandbuildsettings -platform macosx -o /Users/dogan/Library/Developer/Xcode/DerivedData/WatchYourDay-biohctigausgrrdaiiiqanrjnyyy/Build/Products/Debug/swift-crypto_CryptoBoringWrapper.bundle/Contents/Info.plist

ProcessInfoPlistFile /Users/dogan/Library/Developer/Xcode/DerivedData/WatchYourDay-biohctigausgrrdaiiiqanrjnyyy/Build/Products/Debug/swift-crypto_CCryptoBoringSSL.bundle/Contents/Info.plist /Users/dogan/Library/Developer/Xcode/DerivedData/WatchYourDay-biohctigausgrrdaiiiqanrjnyyy/Build/Intermediates.noindex/swift-crypto.build/Debug/swift-crypto_CCryptoBoringSSL.build/empty-swift-crypto_CCryptoBoringSSL.plist (in target 'swift-crypto_CCryptoBoringSSL' from project 'swift-crypto')
    cd /Users/dogan/Library/Developer/Xcode/DerivedData/WatchYourDay-biohctigausgrrdaiiiqanrjnyyy/SourcePackages/checkouts/swift-crypto
    builtin-infoPlistUtility /Users/dogan/Library/Developer/Xcode/DerivedData/WatchYourDay-biohctigausgrrdaiiiqanrjnyyy/Build/Intermediates.noindex/swift-crypto.build/Debug/swift-crypto_CCryptoBoringSSL.build/empty-swift-crypto_CCryptoBoringSSL.plist -producttype com.apple.product-type.bundle -expandbuildsettings -platform macosx -o /Users/dogan/Library/Developer/Xcode/DerivedData/WatchYourDay-biohctigausgrrdaiiiqanrjnyyy/Build/Products/Debug/swift-crypto_CCryptoBoringSSL.bundle/Contents/Info.plist

ProcessInfoPlistFile /Users/dogan/Library/Developer/Xcode/DerivedData/WatchYourDay-biohctigausgrrdaiiiqanrjnyyy/Build/Products/Debug/swift-crypto_CCryptoBoringSSLShims.bundle/Contents/Info.plist /Users/dogan/Library/Developer/Xcode/DerivedData/WatchYourDay-biohctigausgrrdaiiiqanrjnyyy/Build/Intermediates.noindex/swift-crypto.build/Debug/swift-crypto_CCryptoBoringSSLShims.build/empty-swift-crypto_CCryptoBoringSSLShims.plist (in target 'swift-crypto_CCryptoBoringSSLShims' from project 'swift-crypto')
    cd /Users/dogan/Library/Developer/Xcode/DerivedData/WatchYourDay-biohctigausgrrdaiiiqanrjnyyy/SourcePackages/checkouts/swift-crypto
    builtin-infoPlistUtility /Users/dogan/Library/Developer/Xcode/DerivedData/WatchYourDay-biohctigausgrrdaiiiqanrjnyyy/Build/Intermediates.noindex/swift-crypto.build/Debug/swift-crypto_CCryptoBoringSSLShims.build/empty-swift-crypto_CCryptoBoringSSLShims.plist -producttype com.apple.product-type.bundle -expandbuildsettings -platform macosx -o /Users/dogan/Library/Developer/Xcode/DerivedData/WatchYourDay-biohctigausgrrdaiiiqanrjnyyy/Build/Products/Debug/swift-crypto_CCryptoBoringSSLShims.bundle/Contents/Info.plist

ProcessProductPackaging "" /Users/dogan/Library/Developer/Xcode/DerivedData/WatchYourDay-biohctigausgrrdaiiiqanrjnyyy/Build/Intermediates.noindex/WatchYourDay.build/Debug/WatchYourDay.build/WatchYourDay.app.xcent (in target 'WatchYourDay' from project 'WatchYourDay')
    cd /Users/dogan/Desktop/WatchYourComputer/WatchYourDay
    
    Entitlements:
    
    {
    "com.apple.security.app-sandbox" = 1;
    "com.apple.security.files.user-selected.read-write" = 1;
    "com.apple.security.get-task-allow" = 1;
    "com.apple.security.network.client" = 1;
    "com.apple.security.network.server" = 1;
}
    
    builtin-productPackagingUtility -entitlements -format xml -o /Users/dogan/Library/Developer/Xcode/DerivedData/WatchYourDay-biohctigausgrrdaiiiqanrjnyyy/Build/Intermediates.noindex/WatchYourDay.build/Debug/WatchYourDay.build/WatchYourDay.app.xcent

ProcessProductPackagingDER /Users/dogan/Library/Developer/Xcode/DerivedData/WatchYourDay-biohctigausgrrdaiiiqanrjnyyy/Build/Intermediates.noindex/WatchYourDay.build/Debug/WatchYourDay.build/WatchYourDay.app.xcent /Users/dogan/Library/Developer/Xcode/DerivedData/WatchYourDay-biohctigausgrrdaiiiqanrjnyyy/Build/Intermediates.noindex/WatchYourDay.build/Debug/WatchYourDay.build/WatchYourDay.app.xcent.der (in target 'WatchYourDay' from project 'WatchYourDay')
    cd /Users/dogan/Desktop/WatchYourComputer/WatchYourDay
    /usr/bin/derq query -f xml -i /Users/dogan/Library/Developer/Xcode/DerivedData/WatchYourDay-biohctigausgrrdaiiiqanrjnyyy/Build/Intermediates.noindex/WatchYourDay.build/Debug/WatchYourDay.build/WatchYourDay.app.xcent -o /Users/dogan/Library/Developer/Xcode/DerivedData/WatchYourDay-biohctigausgrrdaiiiqanrjnyyy/Build/Intermediates.noindex/WatchYourDay.build/Debug/WatchYourDay.build/WatchYourDay.app.xcent.der --raw

SwiftDriver WatchYourDay normal arm64 com.apple.xcode.tools.swift.compiler (in target 'WatchYourDay' from project 'WatchYourDay')
    cd /Users/dogan/Desktop/WatchYourComputer/WatchYourDay
    builtin-SwiftDriver -- /Applications/Xcode.app/Contents/Developer/Toolchains/XcodeDefault.xctoolchain/usr/bin/swiftc -module-name WatchYourDay -Onone -enforce-exclusivity\=checked @/Users/dogan/Library/Developer/Xcode/DerivedData/WatchYourDay-biohctigausgrrdaiiiqanrjnyyy/Build/Intermediates.noindex/WatchYourDay.build/Debug/WatchYourDay.build/Objects-normal/arm64/WatchYourDay.SwiftFileList -DDEBUG -Xcc -fmodule-map-file\=/Users/dogan/Library/Developer/Xcode/DerivedData/WatchYourDay-biohctigausgrrdaiiiqanrjnyyy/Build/Intermediates.noindex/GeneratedModuleMaps/CNIOPosix.modulemap -Xcc -fmodule-map-file\=/Users/dogan/Library/Developer/Xcode/DerivedData/WatchYourDay-biohctigausgrrdaiiiqanrjnyyy/Build/Intermediates.noindex/GeneratedModuleMaps/CNIOWASI.modulemap -Xcc -fmodule-map-file\=/Users/dogan/Library/Developer/Xcode/DerivedData/WatchYourDay-biohctigausgrrdaiiiqanrjnyyy/Build/Intermediates.noindex/GeneratedModuleMaps/CNIOLinux.modulemap -Xcc -fmodule-map-file\=/Users/dogan/Library/Developer/Xcode/DerivedData/WatchYourDay-biohctigausgrrdaiiiqanrjnyyy/Build/Intermediates.noindex/GeneratedModuleMaps/CNIODarwin.modulemap -Xcc -fmodule-map-file\=/Users/dogan/Library/Developer/Xcode/DerivedData/WatchYourDay-biohctigausgrrdaiiiqanrjnyyy/Build/Intermediates.noindex/GeneratedModuleMaps/CNIOOpenBSD.modulemap -Xcc -fmodule-map-file\=/Users/dogan/Library/Developer/Xcode/DerivedData/WatchYourDay-biohctigausgrrdaiiiqanrjnyyy/Build/Intermediates.noindex/GeneratedModuleMaps/CNIOAtomics.modulemap -default-isolation\=MainActor -enable-bare-slash-regex -enable-upcoming-feature DisableOutwardActorInference -enable-upcoming-feature InferSendableFromCaptures -enable-upcoming-feature GlobalActorIsolatedTypesUsability -enable-upcoming-feature MemberImportVisibility -enable-upcoming-feature InferIsolatedConformances -enable-upcoming-feature NonisolatedNonsendingByDefault -enable-experimental-feature DebugDescriptionMacro -sdk /Applications/Xcode.app/Contents/Developer/Platforms/MacOSX.platform/Developer/SDKs/MacOSX26.1.sdk -target arm64-apple-macos26.0 -g -module-cache-path /Users/dogan/Library/Developer/Xcode/DerivedData/ModuleCache.noindex -Xfrontend -serialize-debugging-options -profile-coverage-mapping -profile-generate -enable-testing -index-store-path /Users/dogan/Library/Developer/Xcode/DerivedData/WatchYourDay-biohctigausgrrdaiiiqanrjnyyy/Index.noindex/DataStore -Xcc -D_LIBCPP_HARDENING_MODE\=_LIBCPP_HARDENING_MODE_DEBUG -swift-version 5 -I /Users/dogan/Library/Developer/Xcode/DerivedData/WatchYourDay-biohctigausgrrdaiiiqanrjnyyy/Build/Products/Debug -F /Users/dogan/Library/Developer/Xcode/DerivedData/WatchYourDay-biohctigausgrrdaiiiqanrjnyyy/Build/Products/Debug/PackageFrameworks -F /Users/dogan/Library/Developer/Xcode/DerivedData/WatchYourDay-biohctigausgrrdaiiiqanrjnyyy/Build/Products/Debug/PackageFrameworks -F /Users/dogan/Library/Developer/Xcode/DerivedData/WatchYourDay-biohctigausgrrdaiiiqanrjnyyy/Build/Products/Debug/PackageFrameworks -F /Users/dogan/Library/Developer/Xcode/DerivedData/WatchYourDay-biohctigausgrrdaiiiqanrjnyyy/Build/Products/Debug/PackageFrameworks -F /Users/dogan/Library/Developer/Xcode/DerivedData/WatchYourDay-biohctigausgrrdaiiiqanrjnyyy/Build/Products/Debug/PackageFrameworks -F /Users/dogan/Library/Developer/Xcode/DerivedData/WatchYourDay-biohctigausgrrdaiiiqanrjnyyy/Build/Products/Debug/PackageFrameworks -F /Users/dogan/Library/Developer/Xcode/DerivedData/WatchYourDay-biohctigausgrrdaiiiqanrjnyyy/Build/Products/Debug/PackageFrameworks -F /Users/dogan/Library/Developer/Xcode/DerivedData/WatchYourDay-biohctigausgrrdaiiiqanrjnyyy/Build/Products/Debug/PackageFrameworks -F /Users/dogan/Library/Developer/Xcode/DerivedData/WatchYourDay-biohctigausgrrdaiiiqanrjnyyy/Build/Products/Debug/PackageFrameworks -F /Users/dogan/Library/Developer/Xcode/DerivedData/WatchYourDay-biohctigausgrrdaiiiqanrjnyyy/Build/Products/Debug/PackageFrameworks -F /Users/dogan/Library/Developer/Xcode/DerivedData/WatchYourDay-biohctigausgrrdaiiiqanrjnyyy/Build/Products/Debug/PackageFrameworks -F /Users/dogan/Library/Developer/Xcode/DerivedData/WatchYourDay-biohctigausgrrdaiiiqanrjnyyy/Build/Products/Debug/PackageFrameworks -F /Users/dogan/Library/Developer/Xcode/DerivedData/WatchYourDay-biohctigausgrrdaiiiqanrjnyyy/Build/Products/Debug/PackageFrameworks -F /Users/dogan/Library/Developer/Xcode/DerivedData/WatchYourDay-biohctigausgrrdaiiiqanrjnyyy/Build/Products/Debug/PackageFrameworks -F /Users/dogan/Library/Developer/Xcode/DerivedData/WatchYourDay-biohctigausgrrdaiiiqanrjnyyy/Build/Products/Debug/PackageFrameworks -F /Users/dogan/Library/Developer/Xcode/DerivedData/WatchYourDay-biohctigausgrrdaiiiqanrjnyyy/Build/Products/Debug/PackageFrameworks -F /Users/dogan/Library/Developer/Xcode/DerivedData/WatchYourDay-biohctigausgrrdaiiiqanrjnyyy/Build/Products/Debug/PackageFrameworks -F /Users/dogan/Library/Developer/Xcode/DerivedData/WatchYourDay-biohctigausgrrdaiiiqanrjnyyy/Build/Products/Debug/PackageFrameworks -F /Users/dogan/Library/Developer/Xcode/DerivedData/WatchYourDay-biohctigausgrrdaiiiqanrjnyyy/Build/Products/Debug/PackageFrameworks -F /Users/dogan/Library/Developer/Xcode/DerivedData/WatchYourDay-biohctigausgrrdaiiiqanrjnyyy/Build/Products/Debug/PackageFrameworks -F /Users/dogan/Library/Developer/Xcode/DerivedData/WatchYourDay-biohctigausgrrdaiiiqanrjnyyy/Build/Products/Debug/PackageFrameworks -F /Users/dogan/Library/Developer/Xcode/DerivedData/WatchYourDay-biohctigausgrrdaiiiqanrjnyyy/Build/Products/Debug/PackageFrameworks -F /Users/dogan/Library/Developer/Xcode/DerivedData/WatchYourDay-biohctigausgrrdaiiiqanrjnyyy/Build/Products/Debug/PackageFrameworks -F /Users/dogan/Library/Developer/Xcode/DerivedData/WatchYourDay-biohctigausgrrdaiiiqanrjnyyy/Build/Products/Debug/PackageFrameworks -F /Users/dogan/Library/Developer/Xcode/DerivedData/WatchYourDay-biohctigausgrrdaiiiqanrjnyyy/Build/Products/Debug/PackageFrameworks -F /Users/dogan/Library/Developer/Xcode/DerivedData/WatchYourDay-biohctigausgrrdaiiiqanrjnyyy/Build/Products/Debug/PackageFrameworks -F /Users/dogan/Library/Developer/Xcode/DerivedData/WatchYourDay-biohctigausgrrdaiiiqanrjnyyy/Build/Products/Debug/PackageFrameworks -F /Users/dogan/Library/Developer/Xcode/DerivedData/WatchYourDay-biohctigausgrrdaiiiqanrjnyyy/Build/Products/Debug/PackageFrameworks -F /Users/dogan/Library/Developer/Xcode/DerivedData/WatchYourDay-biohctigausgrrdaiiiqanrjnyyy/Build/Products/Debug/PackageFrameworks -F /Users/dogan/Library/Developer/Xcode/DerivedData/WatchYourDay-biohctigausgrrdaiiiqanrjnyyy/Build/Products/Debug/PackageFrameworks -F /Users/dogan/Library/Developer/Xcode/DerivedData/WatchYourDay-biohctigausgrrdaiiiqanrjnyyy/Build/Products/Debug -emit-localized-strings -emit-localized-strings-path /Users/dogan/Library/Developer/Xcode/DerivedData/WatchYourDay-biohctigausgrrdaiiiqanrjnyyy/Build/Intermediates.noindex/WatchYourDay.build/Debug/WatchYourDay.build/Objects-normal/arm64 -c -j10 -enable-batch-mode -incremental -Xcc -ivfsstatcache -Xcc /Users/dogan/Library/Developer/Xcode/DerivedData/SDKStatCaches.noindex/macosx26.1-25B74-3885c01c3e6b6a337905948deab2002e3ae1261907bdadc328169391a47051a6.sdkstatcache -output-file-map /Users/dogan/Library/Developer/Xcode/DerivedData/WatchYourDay-biohctigausgrrdaiiiqanrjnyyy/Build/Intermediates.noindex/WatchYourDay.build/Debug/WatchYourDay.build/Objects-normal/arm64/WatchYourDay-OutputFileMap.json -use-frontend-parseable-output -save-temps -no-color-diagnostics -explicit-module-build -module-cache-path /Users/dogan/Library/Developer/Xcode/DerivedData/WatchYourDay-biohctigausgrrdaiiiqanrjnyyy/Build/Intermediates.noindex/SwiftExplicitPrecompiledModules -clang-scanner-module-cache-path /Users/dogan/Library/Developer/Xcode/DerivedData/ModuleCache.noindex -sdk-module-cache-path /Users/dogan/Library/Developer/Xcode/DerivedData/ModuleCache.noindex -serialize-diagnostics -emit-dependencies -emit-module -emit-module-path /Users/dogan/Library/Developer/Xcode/DerivedData/WatchYourDay-biohctigausgrrdaiiiqanrjnyyy/Build/Intermediates.noindex/WatchYourDay.build/Debug/WatchYourDay.build/Objects-normal/arm64/WatchYourDay.swiftmodule -validate-clang-modules-once -clang-build-session-file /Users/dogan/Library/Developer/Xcode/DerivedData/ModuleCache.noindex/Session.modulevalidation -Xcc -I/Users/dogan/Library/Developer/Xcode/DerivedData/WatchYourDay-biohctigausgrrdaiiiqanrjnyyy/Build/Intermediates.noindex/WatchYourDay.build/Debug/WatchYourDay.build/swift-overrides.hmap -emit-const-values -Xfrontend -const-gather-protocols-file -Xfrontend /Users/dogan/Library/Developer/Xcode/DerivedData/WatchYourDay-biohctigausgrrdaiiiqanrjnyyy/Build/Intermediates.noindex/WatchYourDay.build/Debug/WatchYourDay.build/Objects-normal/arm64/WatchYourDay_const_extract_protocols.json -Xcc -iquote -Xcc /Users/dogan/Library/Developer/Xcode/DerivedData/WatchYourDay-biohctigausgrrdaiiiqanrjnyyy/Build/Intermediates.noindex/WatchYourDay.build/Debug/WatchYourDay.build/WatchYourDay-generated-files.hmap -Xcc -I/Users/dogan/Library/Developer/Xcode/DerivedData/WatchYourDay-biohctigausgrrdaiiiqanrjnyyy/Build/Intermediates.noindex/WatchYourDay.build/Debug/WatchYourDay.build/WatchYourDay-own-target-headers.hmap -Xcc -I/Users/dogan/Library/Developer/Xcode/DerivedData/WatchYourDay-biohctigausgrrdaiiiqanrjnyyy/Build/Intermediates.noindex/WatchYourDay.build/Debug/WatchYourDay.build/WatchYourDay-all-non-framework-target-headers.hmap -Xcc -ivfsoverlay -Xcc /Users/dogan/Library/Developer/Xcode/DerivedData/WatchYourDay-biohctigausgrrdaiiiqanrjnyyy/Build/Intermediates.noindex/WatchYourDay.build/Debug/WatchYourDay-195c547bf4802171a7bd4265565003e7-VFS/all-product-headers.yaml -Xcc -iquote -Xcc /Users/dogan/Library/Developer/Xcode/DerivedData/WatchYourDay-biohctigausgrrdaiiiqanrjnyyy/Build/Intermediates.noindex/WatchYourDay.build/Debug/WatchYourDay.build/WatchYourDay-project-headers.hmap -Xcc -I/Users/dogan/Library/Developer/Xcode/DerivedData/WatchYourDay-biohctigausgrrdaiiiqanrjnyyy/SourcePackages/checkouts/swift-nio/Sources/CNIOPosix/include -Xcc -I/Users/dogan/Library/Developer/Xcode/DerivedData/WatchYourDay-biohctigausgrrdaiiiqanrjnyyy/SourcePackages/checkouts/swift-nio/Sources/CNIOWASI/include -Xcc -I/Users/dogan/Library/Developer/Xcode/DerivedData/WatchYourDay-biohctigausgrrdaiiiqanrjnyyy/SourcePackages/checkouts/swift-nio/Sources/CNIOWindows/include -Xcc -I/Users/dogan/Library/Developer/Xcode/DerivedData/WatchYourDay-biohctigausgrrdaiiiqanrjnyyy/SourcePackages/checkouts/swift-nio/Sources/CNIOLinux/include -Xcc -I/Users/dogan/Library/Developer/Xcode/DerivedData/WatchYourDay-biohctigausgrrdaiiiqanrjnyyy/SourcePackages/checkouts/swift-nio/Sources/CNIODarwin/include -Xcc -I/Users/dogan/Library/Developer/Xcode/DerivedData/WatchYourDay-biohctigausgrrdaiiiqanrjnyyy/SourcePackages/checkouts/swift-nio/Sources/CNIOOpenBSD/include -Xcc -I/Users/dogan/Library/Developer/Xcode/DerivedData/WatchYourDay-biohctigausgrrdaiiiqanrjnyyy/SourcePackages/checkouts/swift-nio/Sources/CNIOAtomics/include -Xcc -I/Users/dogan/Library/Developer/Xcode/DerivedData/WatchYourDay-biohctigausgrrdaiiiqanrjnyyy/SourcePackages/checkouts/swift-atomics/Sources/_AtomicsShims/include -Xcc -I/Users/dogan/Library/Developer/Xcode/DerivedData/WatchYourDay-biohctigausgrrdaiiiqanrjnyyy/SourcePackages/checkouts/swift-crypto/Sources/CCryptoBoringSSLShims/include -Xcc -I/Users/dogan/Library/Developer/Xcode/DerivedData/WatchYourDay-biohctigausgrrdaiiiqanrjnyyy/SourcePackages/checkouts/swift-crypto/Sources/CCryptoBoringSSL/include -Xcc -I/Users/dogan/Library/Developer/Xcode/DerivedData/WatchYourDay-biohctigausgrrdaiiiqanrjnyyy/SourcePackages/checkouts/Citadel/Sources/CCitadelBcrypt/include -Xcc -I/Users/dogan/Library/Developer/Xcode/DerivedData/WatchYourDay-biohctigausgrrdaiiiqanrjnyyy/Build/Products/Debug/include -Xcc -I/Users/dogan/Library/Developer/Xcode/DerivedData/WatchYourDay-biohctigausgrrdaiiiqanrjnyyy/Build/Intermediates.noindex/WatchYourDay.build/Debug/WatchYourDay.build/DerivedSources-normal/arm64 -Xcc -I/Users/dogan/Library/Developer/Xcode/DerivedData/WatchYourDay-biohctigausgrrdaiiiqanrjnyyy/Build/Intermediates.noindex/WatchYourDay.build/Debug/WatchYourDay.build/DerivedSources/arm64 -Xcc -I/Users/dogan/Library/Developer/Xcode/DerivedData/WatchYourDay-biohctigausgrrdaiiiqanrjnyyy/Build/Intermediates.noindex/WatchYourDay.build/Debug/WatchYourDay.build/DerivedSources -Xcc -DDEBUG\=1 -emit-objc-header -emit-objc-header-path /Users/dogan/Library/Developer/Xcode/DerivedData/WatchYourDay-biohctigausgrrdaiiiqanrjnyyy/Build/Intermediates.noindex/WatchYourDay.build/Debug/WatchYourDay.build/Objects-normal/arm64/WatchYourDay-Swift.h -working-directory /Users/dogan/Desktop/WatchYourComputer/WatchYourDay -experimental-emit-module-separately -disable-cmo

ProcessInfoPlistFile /Users/dogan/Library/Developer/Xcode/DerivedData/WatchYourDay-biohctigausgrrdaiiiqanrjnyyy/Build/Products/Debug/WatchYourDay.app/Contents/Info.plist /Users/dogan/Library/Developer/Xcode/DerivedData/WatchYourDay-biohctigausgrrdaiiiqanrjnyyy/Build/Intermediates.noindex/WatchYourDay.build/Debug/WatchYourDay.build/empty-WatchYourDay.plist (in target 'WatchYourDay' from project 'WatchYourDay')
    cd /Users/dogan/Desktop/WatchYourComputer/WatchYourDay
    builtin-infoPlistUtility /Users/dogan/Library/Developer/Xcode/DerivedData/WatchYourDay-biohctigausgrrdaiiiqanrjnyyy/Build/Intermediates.noindex/WatchYourDay.build/Debug/WatchYourDay.build/empty-WatchYourDay.plist -producttype com.apple.product-type.application -genpkginfo /Users/dogan/Library/Developer/Xcode/DerivedData/WatchYourDay-biohctigausgrrdaiiiqanrjnyyy/Build/Products/Debug/WatchYourDay.app/Contents/PkgInfo -expandbuildsettings -platform macosx -additionalcontentfile /Users/dogan/Library/Developer/Xcode/DerivedData/WatchYourDay-biohctigausgrrdaiiiqanrjnyyy/Build/Intermediates.noindex/WatchYourDay.build/Debug/WatchYourDay.build/assetcatalog_generated_info.plist -scanforprivacyfile /Users/dogan/Library/Developer/Xcode/DerivedData/WatchYourDay-biohctigausgrrdaiiiqanrjnyyy/Build/Products/Debug/WatchYourDay.app/Contents/Resources/swift-crypto_CCryptoBoringSSL.bundle -scanforprivacyfile /Users/dogan/Library/Developer/Xcode/DerivedData/WatchYourDay-biohctigausgrrdaiiiqanrjnyyy/Build/Products/Debug/WatchYourDay.app/Contents/Resources/swift-crypto_CCryptoBoringSSLShims.bundle -scanforprivacyfile /Users/dogan/Library/Developer/Xcode/DerivedData/WatchYourDay-biohctigausgrrdaiiiqanrjnyyy/Build/Products/Debug/WatchYourDay.app/Contents/Resources/swift-crypto_Crypto.bundle -scanforprivacyfile /Users/dogan/Library/Developer/Xcode/DerivedData/WatchYourDay-biohctigausgrrdaiiiqanrjnyyy/Build/Products/Debug/WatchYourDay.app/Contents/Resources/swift-crypto_CryptoBoringWrapper.bundle -scanforprivacyfile /Users/dogan/Library/Developer/Xcode/DerivedData/WatchYourDay-biohctigausgrrdaiiiqanrjnyyy/Build/Products/Debug/WatchYourDay.app/Contents/Resources/swift-crypto__CryptoExtras.bundle -scanforprivacyfile /Users/dogan/Library/Developer/Xcode/DerivedData/WatchYourDay-biohctigausgrrdaiiiqanrjnyyy/Build/Products/Debug/WatchYourDay.app/Contents/Resources/swift-nio_NIOPosix.bundle -o /Users/dogan/Library/Developer/Xcode/DerivedData/WatchYourDay-biohctigausgrrdaiiiqanrjnyyy/Build/Products/Debug/WatchYourDay.app/Contents/Info.plist

SwiftCompile normal arm64 Compiling\ UpdateService.swift /Users/dogan/Desktop/WatchYourComputer/WatchYourDay/WatchYourDay/Services/UpdateService.swift (in target 'WatchYourDay' from project 'WatchYourDay')

SwiftCompile normal arm64 /Users/dogan/Desktop/WatchYourComputer/WatchYourDay/WatchYourDay/Services/UpdateService.swift (in target 'WatchYourDay' from project 'WatchYourDay')
    cd /Users/dogan/Desktop/WatchYourComputer/WatchYourDay
    
/Users/dogan/Desktop/WatchYourComputer/WatchYourDay/WatchYourDay/Services/UpdateService.swift:17:7: error: type 'UpdateService' does not conform to protocol 'ObservableObject'
class UpdateService: ObservableObject {
      ^
/Users/dogan/Desktop/WatchYourComputer/WatchYourDay/WatchYourDay/Services/UpdateService.swift:17:7: note: add stubs for conformance
class UpdateService: ObservableObject {
      ^
Combine.ObservableObject.objectWillChange:2:5: note: protocol requires property 'objectWillChange' with type 'Self.ObjectWillChangePublisher'
var objectWillChange: Self.ObjectWillChangePublisher { get }}
    ^
<unknown>:0: error: static subscript 'subscript(_enclosingInstance:wrapped:storage:)' is not available due to missing import of defining module 'Combine'
/Users/dogan/Desktop/WatchYourComputer/WatchYourDay/WatchYourDay/Services/UpdateService.swift:3:1: note: add import of module 'Combine'

^
<unknown>:0: error: static subscript 'subscript(_enclosingInstance:wrapped:storage:)' is not available due to missing import of defining module 'Combine'
/Users/dogan/Desktop/WatchYourComputer/WatchYourDay/WatchYourDay/Services/UpdateService.swift:3:1: note: add import of module 'Combine'

^
<unknown>:0: error: static subscript 'subscript(_enclosingInstance:wrapped:storage:)' is not available due to missing import of defining module 'Combine'
/Users/dogan/Desktop/WatchYourComputer/WatchYourDay/WatchYourDay/Services/UpdateService.swift:3:1: note: add import of module 'Combine'

^
<unknown>:0: error: static subscript 'subscript(_enclosingInstance:wrapped:storage:)' is not available due to missing import of defining module 'Combine'
/Users/dogan/Desktop/WatchYourComputer/WatchYourDay/WatchYourDay/Services/UpdateService.swift:3:1: note: add import of module 'Combine'

^
<unknown>:0: error: static subscript 'subscript(_enclosingInstance:wrapped:storage:)' is not available due to missing import of defining module 'Combine'
/Users/dogan/Desktop/WatchYourComputer/WatchYourDay/WatchYourDay/Services/UpdateService.swift:3:1: note: add import of module 'Combine'

^
<unknown>:0: error: static subscript 'subscript(_enclosingInstance:wrapped:storage:)' is not available due to missing import of defining module 'Combine'
/Users/dogan/Desktop/WatchYourComputer/WatchYourDay/WatchYourDay/Services/UpdateService.swift:3:1: note: add import of module 'Combine'

^
<unknown>:0: error: static subscript 'subscript(_enclosingInstance:wrapped:storage:)' is not available due to missing import of defining module 'Combine'
/Users/dogan/Desktop/WatchYourComputer/WatchYourDay/WatchYourDay/Services/UpdateService.swift:3:1: note: add import of module 'Combine'

^
<unknown>:0: error: static subscript 'subscript(_enclosingInstance:wrapped:storage:)' is not available due to missing import of defining module 'Combine'
/Users/dogan/Desktop/WatchYourComputer/WatchYourDay/WatchYourDay/Services/UpdateService.swift:3:1: note: add import of module 'Combine'

^
<unknown>:0: error: static subscript 'subscript(_enclosingInstance:wrapped:storage:)' is not available due to missing import of defining module 'Combine'
/Users/dogan/Desktop/WatchYourComputer/WatchYourDay/WatchYourDay/Services/UpdateService.swift:3:1: note: add import of module 'Combine'

^
<unknown>:0: error: static subscript 'subscript(_enclosingInstance:wrapped:storage:)' is not available due to missing import of defining module 'Combine'
/Users/dogan/Desktop/WatchYourComputer/WatchYourDay/WatchYourDay/Services/UpdateService.swift:3:1: note: add import of module 'Combine'

^
<unknown>:0: error: static subscript 'subscript(_enclosingInstance:wrapped:storage:)' is not available due to missing import of defining module 'Combine'
/Users/dogan/Desktop/WatchYourComputer/WatchYourDay/WatchYourDay/Services/UpdateService.swift:3:1: note: add import of module 'Combine'

^
<unknown>:0: error: static subscript 'subscript(_enclosingInstance:wrapped:storage:)' is not available due to missing import of defining module 'Combine'
/Users/dogan/Desktop/WatchYourComputer/WatchYourDay/WatchYourDay/Services/UpdateService.swift:3:1: note: add import of module 'Combine'

^
<unknown>:0: error: static subscript 'subscript(_enclosingInstance:wrapped:storage:)' is not available due to missing import of defining module 'Combine'
/Users/dogan/Desktop/WatchYourComputer/WatchYourDay/WatchYourDay/Services/UpdateService.swift:3:1: note: add import of module 'Combine'

^
<unknown>:0: error: static subscript 'subscript(_enclosingInstance:wrapped:storage:)' is not available due to missing import of defining module 'Combine'
/Users/dogan/Desktop/WatchYourComputer/WatchYourDay/WatchYourDay/Services/UpdateService.swift:3:1: note: add import of module 'Combine'

^
<unknown>:0: error: static subscript 'subscript(_enclosingInstance:wrapped:storage:)' is not available due to missing import of defining module 'Combine'
/Users/dogan/Desktop/WatchYourComputer/WatchYourDay/WatchYourDay/Services/UpdateService.swift:3:1: note: add import of module 'Combine'

^
<unknown>:0: error: static subscript 'subscript(_enclosingInstance:wrapped:storage:)' is not available due to missing import of defining module 'Combine'
/Users/dogan/Desktop/WatchYourComputer/WatchYourDay/WatchYourDay/Services/UpdateService.swift:3:1: note: add import of module 'Combine'

^
<unknown>:0: error: static subscript 'subscript(_enclosingInstance:wrapped:storage:)' is not available due to missing import of defining module 'Combine'
/Users/dogan/Desktop/WatchYourComputer/WatchYourDay/WatchYourDay/Services/UpdateService.swift:3:1: note: add import of module 'Combine'

^
<unknown>:0: error: static subscript 'subscript(_enclosingInstance:wrapped:storage:)' is not available due to missing import of defining module 'Combine'
/Users/dogan/Desktop/WatchYourComputer/WatchYourDay/WatchYourDay/Services/UpdateService.swift:3:1: note: add import of module 'Combine'

^
/Users/dogan/Desktop/WatchYourComputer/WatchYourDay/WatchYourDay/Services/UpdateService.swift:20:6: error: initializer 'init(wrappedValue:)' is not available due to missing import of defining module 'Combine'
    @Published var isUpdateAvailable: Bool = false
     ^
/Users/dogan/Desktop/WatchYourComputer/WatchYourDay/WatchYourDay/Services/UpdateService.swift:3:1: note: add import of module 'Combine'

^
/Users/dogan/Desktop/WatchYourComputer/WatchYourDay/WatchYourDay/Services/UpdateService.swift:21:6: error: initializer 'init(wrappedValue:)' is not available due to missing import of defining module 'Combine'
    @Published var latestRelease: ReleaseInfo?
     ^
/Users/dogan/Desktop/WatchYourComputer/WatchYourDay/WatchYourDay/Services/UpdateService.swift:3:1: note: add import of module 'Combine'

^
/Users/dogan/Desktop/WatchYourComputer/WatchYourDay/WatchYourDay/Services/UpdateService.swift:22:6: error: initializer 'init(wrappedValue:)' is not available due to missing import of defining module 'Combine'
    @Published var errorMessage: String?
     ^
/Users/dogan/Desktop/WatchYourComputer/WatchYourDay/WatchYourDay/Services/UpdateService.swift:3:1: note: add import of module 'Combine'

^

Failed frontend command:
/Applications/Xcode.app/Contents/Developer/Toolchains/XcodeDefault.xctoolchain/usr/bin/swift-frontend -frontend -c /Users/dogan/Desktop/WatchYourComputer/WatchYourDay/WatchYourDay/Data/ImageStorageManager.swift /Users/dogan/Desktop/WatchYourComputer/WatchYourDay/WatchYourDay/Data/Models.swift /Users/dogan/Desktop/WatchYourComputer/WatchYourDay/WatchYourDay/Data/Persistence.swift /Users/dogan/Desktop/WatchYourComputer/WatchYourDay/WatchYourDay/Services/AIService.swift /Users/dogan/Desktop/WatchYourComputer/WatchYourDay/WatchYourDay/Services/AIServiceProtocol.swift /Users/dogan/Desktop/WatchYourComputer/WatchYourDay/WatchYourDay/Services/BlacklistManager.swift /Users/dogan/Desktop/WatchYourComputer/WatchYourDay/WatchYourDay/Services/CategoryService.swift /Users/dogan/Desktop/WatchYourComputer/WatchYourDay/WatchYourDay/Services/EmbeddingService.swift /Users/dogan/Desktop/WatchYourComputer/WatchYourDay/WatchYourDay/Services/ExportService.swift /Users/dogan/Desktop/WatchYourComputer/WatchYourDay/WatchYourDay/Services/KeychainManager.swift /Users/dogan/Desktop/WatchYourComputer/WatchYourDay/WatchYourDay/Services/LaunchManager.swift /Users/dogan/Desktop/WatchYourComputer/WatchYourDay/WatchYourDay/Services/Logger.swift /Users/dogan/Desktop/WatchYourComputer/WatchYourDay/WatchYourDay/Services/OCRService.swift /Users/dogan/Desktop/WatchYourComputer/WatchYourDay/WatchYourDay/Services/OllamaService.swift /Users/dogan/Desktop/WatchYourComputer/WatchYourDay/WatchYourDay/Services/PermissionManager.swift /Users/dogan/Desktop/WatchYourComputer/WatchYourDay/WatchYourDay/Services/PrivacyGuard.swift /Users/dogan/Desktop/WatchYourComputer/WatchYourDay/WatchYourDay/Services/RAGService.swift /Users/dogan/Desktop/WatchYourComputer/WatchYourDay/WatchYourDay/Services/ReportService.swift /Users/dogan/Desktop/WatchYourComputer/WatchYourDay/WatchYourDay/Services/RetentionManager.swift /Users/dogan/Desktop/WatchYourComputer/WatchYourDay/WatchYourDay/Services/ScreenCaptureService.swift /Users/dogan/Desktop/WatchYourComputer/WatchYourDay/WatchYourDay/Services/StatsService.swift -primary-file /Users/dogan/Desktop/WatchYourComputer/WatchYourDay/WatchYourDay/Services/UpdateService.swift /Users/dogan/Desktop/WatchYourComputer/WatchYourDay/WatchYourDay/Services/VectorStore.swift /Users/dogan/Desktop/WatchYourComputer/WatchYourDay/WatchYourDay/UI/Components/ActivityTimelineCard.swift /Users/dogan/Desktop/WatchYourComputer/WatchYourDay/WatchYourDay/UI/Components/AISummaryCard.swift /Users/dogan/Desktop/WatchYourComputer/WatchYourDay/WatchYourDay/UI/Components/CategoryBreakdownCard.swift /Users/dogan/Desktop/WatchYourComputer/WatchYourDay/WatchYourDay/UI/Components/DailyActivityList.swift /Users/dogan/Desktop/WatchYourComputer/WatchYourDay/WatchYourDay/UI/Components/EmptyStateView.swift /Users/dogan/Desktop/WatchYourComputer/WatchYourDay/WatchYourDay/UI/Components/FocusOverviewCard.swift /Users/dogan/Desktop/WatchYourComputer/WatchYourDay/WatchYourDay/UI/Components/StatBox.swift /Users/dogan/Desktop/WatchYourComputer/WatchYourDay/WatchYourDay/UI/Components/TopAppsCard.swift /Users/dogan/Desktop/WatchYourComputer/WatchYourDay/WatchYourDay/UI/Settings/AboutSettingsView.swift /Users/dogan/Desktop/WatchYourComputer/WatchYourDay/WatchYourDay/UI/Settings/AISettingsView.swift /Users/dogan/Desktop/WatchYourComputer/WatchYourDay/WatchYourDay/UI/Settings/ExportSettingsView.swift /Users/dogan/Desktop/WatchYourComputer/WatchYourDay/WatchYourDay/UI/Settings/PrivacySettingsView.swift /Users/dogan/Desktop/WatchYourComputer/WatchYourDay/WatchYourDay/UI/Settings/StorageSettingsView.swift /Users/dogan/Desktop/WatchYourComputer/WatchYourDay/WatchYourDay/UI/Settings/SystemSettingsView.swift /Users/dogan/Desktop/WatchYourComputer/WatchYourDay/WatchYourDay/UI/ChatView.swift /Users/dogan/Desktop/WatchYourComputer/WatchYourDay/WatchYourDay/UI/DateNavigationView.swift /Users/dogan/Desktop/WatchYourComputer/WatchYourDay/WatchYourDay/UI/DesignSystem.swift /Users/dogan/Desktop/WatchYourComputer/WatchYourDay/WatchYourDay/UI/DetailPanelView.swift /Users/dogan/Desktop/WatchYourComputer/WatchYourDay/WatchYourDay/UI/IconSidebarView.swift /Users/dogan/Desktop/WatchYourComputer/WatchYourDay/WatchYourDay/UI/OnboardingView.swift /Users/dogan/Desktop/WatchYourComputer/WatchYourDay/WatchYourDay/UI/PermissionView.swift /Users/dogan/Desktop/WatchYourComputer/WatchYourDay/WatchYourDay/UI/SearchView.swift /Users/dogan/Desktop/WatchYourComputer/WatchYourDay/WatchYourDay/UI/SettingsView.swift /Users/dogan/Desktop/WatchYourComputer/WatchYourDay/WatchYourDay/UI/StatsView.swift /Users/dogan/Desktop/WatchYourComputer/WatchYourDay/WatchYourDay/UI/TimelineColumnView.swift /Users/dogan/Desktop/WatchYourComputer/WatchYourDay/WatchYourDay/UI/WindowManager.swift /Users/dogan/Desktop/WatchYourComputer/WatchYourDay/WatchYourDay/ContentView.swift /Users/dogan/Desktop/WatchYourComputer/WatchYourDay/WatchYourDay/WatchYourDayApp.swift /Users/dogan/Library/Developer/Xcode/DerivedData/WatchYourDay-biohctigausgrrdaiiiqanrjnyyy/Build/Intermediates.noindex/WatchYourDay.build/Debug/WatchYourDay.build/DerivedSources/GeneratedAssetSymbols.swift -emit-dependencies-path /Users/dogan/Library/Developer/Xcode/DerivedData/WatchYourDay-biohctigausgrrdaiiiqanrjnyyy/Build/Intermediates.noindex/WatchYourDay.build/Debug/WatchYourDay.build/Objects-normal/arm64/UpdateService.d -emit-const-values-path /Users/dogan/Library/Developer/Xcode/DerivedData/WatchYourDay-biohctigausgrrdaiiiqanrjnyyy/Build/Intermediates.noindex/WatchYourDay.build/Debug/WatchYourDay.build/Objects-normal/arm64/UpdateService.swiftconstvalues -emit-reference-dependencies-path /Users/dogan/Library/Developer/Xcode/DerivedData/WatchYourDay-biohctigausgrrdaiiiqanrjnyyy/Build/Intermediates.noindex/WatchYourDay.build/Debug/WatchYourDay.build/Objects-normal/arm64/UpdateService.swiftdeps -serialize-diagnostics-path /Users/dogan/Library/Developer/Xcode/DerivedData/WatchYourDay-biohctigausgrrdaiiiqanrjnyyy/Build/Intermediates.noindex/WatchYourDay.build/Debug/WatchYourDay.build/Objects-normal/arm64/UpdateService.dia -emit-localized-strings -emit-localized-strings-path /Users/dogan/Library/Developer/Xcode/DerivedData/WatchYourDay-biohctigausgrrdaiiiqanrjnyyy/Build/Intermediates.noindex/WatchYourDay.build/Debug/WatchYourDay.build/Objects-normal/arm64 -target arm64-apple-macos26.0 -module-can-import-version AppKit 2685.20.119 2685.20.119 -module-can-import-version DeveloperToolsSupport 23.0.4 23.0.4 -module-can-import-version SwiftUI 7.1.13.1 7.1.13 -disable-cross-import-overlay-search -swift-module-cross-import SwiftData /Applications/Xcode.app/Contents/Developer/Platforms/MacOSX.platform/Developer/SDKs/MacOSX26.1.sdk/System/Library/Frameworks/SwiftData.framework/Modules/SwiftData.swiftcrossimport/CoreData.swiftoverlay -swift-module-cross-import SwiftData /Applications/Xcode.app/Contents/Developer/Platforms/MacOSX.platform/Developer/SDKs/MacOSX26.1.sdk/System/Library/Frameworks/SwiftData.framework/Modules/SwiftData.swiftcrossimport/SwiftUI.swiftoverlay -load-resolved-plugin /Applications/Xcode.app/Contents/Developer/Platforms/MacOSX.platform/Developer/usr/lib/swift/host/plugins/libFoundationMacros.dylib\#/Applications/Xcode.app/Contents/Developer/Platforms/MacOSX.platform/Developer/usr/bin/swift-plugin-server\#FoundationMacros -load-resolved-plugin /Applications/Xcode.app/Contents/Developer/Platforms/MacOSX.platform/Developer/usr/lib/swift/host/plugins/libObservationMacros.dylib\#/Applications/Xcode.app/Contents/Developer/Platforms/MacOSX.platform/Developer/usr/bin/swift-plugin-server\#ObservationMacros -load-resolved-plugin /Applications/Xcode.app/Contents/Developer/Platforms/MacOSX.platform/Developer/usr/lib/swift/host/plugins/libPreviewsMacros.dylib\#/Applications/Xcode.app/Contents/Developer/Platforms/MacOSX.platform/Developer/usr/bin/swift-plugin-server\#PreviewsMacros -load-resolved-plugin /Applications/Xcode.app/Contents/Developer/Platforms/MacOSX.platform/Developer/usr/lib/swift/host/plugins/libSwiftDataMacros.dylib\#/Applications/Xcode.app/Contents/Developer/Platforms/MacOSX.platform/Developer/usr/bin/swift-plugin-server\#SwiftDataMacros -load-resolved-plugin /Applications/Xcode.app/Contents/Developer/Platforms/MacOSX.platform/Developer/usr/lib/swift/host/plugins/libSwiftMacros.dylib\#/Applications/Xcode.app/Contents/Developer/Platforms/MacOSX.platform/Developer/usr/bin/swift-plugin-server\#SwiftMacros -load-resolved-plugin /Applications/Xcode.app/Contents/Developer/Platforms/MacOSX.platform/Developer/usr/lib/swift/host/plugins/libSwiftUIMacros.dylib\#/Applications/Xcode.app/Contents/Developer/Platforms/MacOSX.platform/Developer/usr/bin/swift-plugin-server\#SwiftUIMacros -disable-implicit-swift-modules -Xcc -fno-implicit-modules -Xcc -fno-implicit-module-maps -explicit-swift-module-map-file /Users/dogan/Library/Developer/Xcode/DerivedData/WatchYourDay-biohctigausgrrdaiiiqanrjnyyy/Build/Intermediates.noindex/WatchYourDay.build/Debug/WatchYourDay.build/Objects-normal/arm64/WatchYourDay-dependencies-1.json -Xllvm -aarch64-use-tbi -enable-objc-interop -stack-check -sdk /Applications/Xcode.app/Contents/Developer/Platforms/MacOSX.platform/Developer/SDKs/MacOSX26.1.sdk -I /Users/dogan/Library/Developer/Xcode/DerivedData/WatchYourDay-biohctigausgrrdaiiiqanrjnyyy/Build/Products/Debug -F /Users/dogan/Library/Developer/Xcode/DerivedData/WatchYourDay-biohctigausgrrdaiiiqanrjnyyy/Build/Products/Debug/PackageFrameworks -F /Users/dogan/Library/Developer/Xcode/DerivedData/WatchYourDay-biohctigausgrrdaiiiqanrjnyyy/Build/Products/Debug/PackageFrameworks -F /Users/dogan/Library/Developer/Xcode/DerivedData/WatchYourDay-biohctigausgrrdaiiiqanrjnyyy/Build/Products/Debug/PackageFrameworks -F /Users/dogan/Library/Developer/Xcode/DerivedData/WatchYourDay-biohctigausgrrdaiiiqanrjnyyy/Build/Products/Debug/PackageFrameworks -F /Users/dogan/Library/Developer/Xcode/DerivedData/WatchYourDay-biohctigausgrrdaiiiqanrjnyyy/Build/Products/Debug/PackageFrameworks -F /Users/dogan/Library/Developer/Xcode/DerivedData/WatchYourDay-biohctigausgrrdaiiiqanrjnyyy/Build/Products/Debug/PackageFrameworks -F /Users/dogan/Library/Developer/Xcode/DerivedData/WatchYourDay-biohctigausgrrdaiiiqanrjnyyy/Build/Products/Debug/PackageFrameworks -F /Users/dogan/Library/Developer/Xcode/DerivedData/WatchYourDay-biohctigausgrrdaiiiqanrjnyyy/Build/Products/Debug/PackageFrameworks -F /Users/dogan/Library/Developer/Xcode/DerivedData/WatchYourDay-biohctigausgrrdaiiiqanrjnyyy/Build/Products/Debug/PackageFrameworks -F /Users/dogan/Library/Developer/Xcode/DerivedData/WatchYourDay-biohctigausgrrdaiiiqanrjnyyy/Build/Products/Debug/PackageFrameworks -F /Users/dogan/Library/Developer/Xcode/DerivedData/WatchYourDay-biohctigausgrrdaiiiqanrjnyyy/Build/Products/Debug/PackageFrameworks -F /Users/dogan/Library/Developer/Xcode/DerivedData/WatchYourDay-biohctigausgrrdaiiiqanrjnyyy/Build/Products/Debug/PackageFrameworks -F /Users/dogan/Library/Developer/Xcode/DerivedData/WatchYourDay-biohctigausgrrdaiiiqanrjnyyy/Build/Products/Debug/PackageFrameworks -F /Users/dogan/Library/Developer/Xcode/DerivedData/WatchYourDay-biohctigausgrrdaiiiqanrjnyyy/Build/Products/Debug/PackageFrameworks -F /Users/dogan/Library/Developer/Xcode/DerivedData/WatchYourDay-biohctigausgrrdaiiiqanrjnyyy/Build/Products/Debug/PackageFrameworks -F /Users/dogan/Library/Developer/Xcode/DerivedData/WatchYourDay-biohctigausgrrdaiiiqanrjnyyy/Build/Products/Debug/PackageFrameworks -F /Users/dogan/Library/Developer/Xcode/DerivedData/WatchYourDay-biohctigausgrrdaiiiqanrjnyyy/Build/Products/Debug/PackageFrameworks -F /Users/dogan/Library/Developer/Xcode/DerivedData/WatchYourDay-biohctigausgrrdaiiiqanrjnyyy/Build/Products/Debug/PackageFrameworks -F /Users/dogan/Library/Developer/Xcode/DerivedData/WatchYourDay-biohctigausgrrdaiiiqanrjnyyy/Build/Products/Debug/PackageFrameworks -F /Users/dogan/Library/Developer/Xcode/DerivedData/WatchYourDay-biohctigausgrrdaiiiqanrjnyyy/Build/Products/Debug/PackageFrameworks -F /Users/dogan/Library/Developer/Xcode/DerivedData/WatchYourDay-biohctigausgrrdaiiiqanrjnyyy/Build/Products/Debug/PackageFrameworks -F /Users/dogan/Library/Developer/Xcode/DerivedData/WatchYourDay-biohctigausgrrdaiiiqanrjnyyy/Build/Products/Debug/PackageFrameworks -F /Users/dogan/Library/Developer/Xcode/DerivedData/WatchYourDay-biohctigausgrrdaiiiqanrjnyyy/Build/Products/Debug/PackageFrameworks -F /Users/dogan/Library/Developer/Xcode/DerivedData/WatchYourDay-biohctigausgrrdaiiiqanrjnyyy/Build/Products/Debug/PackageFrameworks -F /Users/dogan/Library/Developer/Xcode/DerivedData/WatchYourDay-biohctigausgrrdaiiiqanrjnyyy/Build/Products/Debug/PackageFrameworks -F /Users/dogan/Library/Developer/Xcode/DerivedData/WatchYourDay-biohctigausgrrdaiiiqanrjnyyy/Build/Products/Debug/PackageFrameworks -F /Users/dogan/Library/Developer/Xcode/DerivedData/WatchYourDay-biohctigausgrrdaiiiqanrjnyyy/Build/Products/Debug/PackageFrameworks -F /Users/dogan/Library/Developer/Xcode/DerivedData/WatchYourDay-biohctigausgrrdaiiiqanrjnyyy/Build/Products/Debug/PackageFrameworks -F /Users/dogan/Library/Developer/Xcode/DerivedData/WatchYourDay-biohctigausgrrdaiiiqanrjnyyy/Build/Products/Debug/PackageFrameworks -F /Users/dogan/Library/Developer/Xcode/DerivedData/WatchYourDay-biohctigausgrrdaiiiqanrjnyyy/Build/Products/Debug/PackageFrameworks -F /Users/dogan/Library/Developer/Xcode/DerivedData/WatchYourDay-biohctigausgrrdaiiiqanrjnyyy/Build/Products/Debug -no-color-diagnostics -Xcc -fno-color-diagnostics -enable-testing -g -debug-info-format\=dwarf -dwarf-version\=5 -module-cache-path /Users/dogan/Library/Developer/Xcode/DerivedData/WatchYourDay-biohctigausgrrdaiiiqanrjnyyy/Build/Intermediates.noindex/SwiftExplicitPrecompiledModules -profile-generate -profile-coverage-mapping -swift-version 5 -enforce-exclusivity\=checked -Onone -D DEBUG -serialize-debugging-options -const-gather-protocols-file /Users/dogan/Library/Developer/Xcode/DerivedData/WatchYourDay-biohctigausgrrdaiiiqanrjnyyy/Build/Intermediates.noindex/WatchYourDay.build/Debug/WatchYourDay.build/Objects-normal/arm64/WatchYourDay_const_extract_protocols.json -enable-upcoming-feature DisableOutwardActorInference -enable-upcoming-feature InferSendableFromCaptures -enable-upcoming-feature GlobalActorIsolatedTypesUsability -enable-upcoming-feature MemberImportVisibility -enable-upcoming-feature InferIsolatedConformances -enable-upcoming-feature NonisolatedNonsendingByDefault -enable-experimental-feature DebugDescriptionMacro -enable-bare-slash-regex -default-isolation\=MainActor -empty-abi-descriptor -validate-clang-modules-once -clang-build-session-file /Users/dogan/Library/Developer/Xcode/DerivedData/ModuleCache.noindex/Session.modulevalidation -Xcc -working-directory -Xcc /Users/dogan/Desktop/WatchYourComputer/WatchYourDay -enable-anonymous-context-mangled-names -file-compilation-dir /Users/dogan/Desktop/WatchYourComputer/WatchYourDay -Xcc -fmodule-map-file\=/Users/dogan/Library/Developer/Xcode/DerivedData/WatchYourDay-biohctigausgrrdaiiiqanrjnyyy/Build/Intermediates.noindex/GeneratedModuleMaps/CNIOPosix.modulemap -Xcc -fmodule-map-file\=/Users/dogan/Library/Developer/Xcode/DerivedData/WatchYourDay-biohctigausgrrdaiiiqanrjnyyy/Build/Intermediates.noindex/GeneratedModuleMaps/CNIOWASI.modulemap -Xcc -fmodule-map-file\=/Users/dogan/Library/Developer/Xcode/DerivedData/WatchYourDay-biohctigausgrrdaiiiqanrjnyyy/Build/Intermediates.noindex/GeneratedModuleMaps/CNIOLinux.modulemap -Xcc -fmodule-map-file\=/Users/dogan/Library/Developer/Xcode/DerivedData/WatchYourDay-biohctigausgrrdaiiiqanrjnyyy/Build/Intermediates.noindex/GeneratedModuleMaps/CNIODarwin.modulemap -Xcc -fmodule-map-file\=/Users/dogan/Library/Developer/Xcode/DerivedData/WatchYourDay-biohctigausgrrdaiiiqanrjnyyy/Build/Intermediates.noindex/GeneratedModuleMaps/CNIOOpenBSD.modulemap -Xcc -fmodule-map-file\=/Users/dogan/Library/Developer/Xcode/DerivedData/WatchYourDay-biohctigausgrrdaiiiqanrjnyyy/Build/Intermediates.noindex/GeneratedModuleMaps/CNIOAtomics.modulemap -Xcc -D_LIBCPP_HARDENING_MODE\=_LIBCPP_HARDENING_MODE_DEBUG -Xcc -ivfsstatcache -Xcc /Users/dogan/Library/Developer/Xcode/DerivedData/SDKStatCaches.noindex/macosx26.1-25B74-3885c01c3e6b6a337905948deab2002e3ae1261907bdadc328169391a47051a6.sdkstatcache -Xcc -I/Users/dogan/Library/Developer/Xcode/DerivedData/WatchYourDay-biohctigausgrrdaiiiqanrjnyyy/Build/Intermediates.noindex/WatchYourDay.build/Debug/WatchYourDay.build/swift-overrides.hmap -Xcc -iquote -Xcc /Users/dogan/Library/Developer/Xcode/DerivedData/WatchYourDay-biohctigausgrrdaiiiqanrjnyyy/Build/Intermediates.noindex/WatchYourDay.build/Debug/WatchYourDay.build/WatchYourDay-generated-files.hmap -Xcc -I/Users/dogan/Library/Developer/Xcode/DerivedData/WatchYourDay-biohctigausgrrdaiiiqanrjnyyy/Build/Intermediates.noindex/WatchYourDay.build/Debug/WatchYourDay.build/WatchYourDay-own-target-headers.hmap -Xcc -I/Users/dogan/Library/Developer/Xcode/DerivedData/WatchYourDay-biohctigausgrrdaiiiqanrjnyyy/Build/Intermediates.noindex/WatchYourDay.build/Debug/WatchYourDay.build/WatchYourDay-all-non-framework-target-headers.hmap -Xcc -ivfsoverlay -Xcc /Users/dogan/Library/Developer/Xcode/DerivedData/WatchYourDay-biohctigausgrrdaiiiqanrjnyyy/Build/Intermediates.noindex/WatchYourDay.build/Debug/WatchYourDay-195c547bf4802171a7bd4265565003e7-VFS/all-product-headers.yaml -Xcc -iquote -Xcc /Users/dogan/Library/Developer/Xcode/DerivedData/WatchYourDay-biohctigausgrrdaiiiqanrjnyyy/Build/Intermediates.noindex/WatchYourDay.build/Debug/WatchYourDay.build/WatchYourDay-project-headers.hmap -Xcc -I/Users/dogan/Library/Developer/Xcode/DerivedData/WatchYourDay-biohctigausgrrdaiiiqanrjnyyy/SourcePackages/checkouts/swift-nio/Sources/CNIOPosix/include -Xcc -I/Users/dogan/Library/Developer/Xcode/DerivedData/WatchYourDay-biohctigausgrrdaiiiqanrjnyyy/SourcePackages/checkouts/swift-nio/Sources/CNIOWASI/include -Xcc -I/Users/dogan/Library/Developer/Xcode/DerivedData/WatchYourDay-biohctigausgrrdaiiiqanrjnyyy/SourcePackages/checkouts/swift-nio/Sources/CNIOWindows/include -Xcc -I/Users/dogan/Library/Developer/Xcode/DerivedData/WatchYourDay-biohctigausgrrdaiiiqanrjnyyy/SourcePackages/checkouts/swift-nio/Sources/CNIOLinux/include -Xcc -I/Users/dogan/Library/Developer/Xcode/DerivedData/WatchYourDay-biohctigausgrrdaiiiqanrjnyyy/SourcePackages/checkouts/swift-nio/Sources/CNIODarwin/include -Xcc -I/Users/dogan/Library/Developer/Xcode/DerivedData/WatchYourDay-biohctigausgrrdaiiiqanrjnyyy/SourcePackages/checkouts/swift-nio/Sources/CNIOOpenBSD/include -Xcc -I/Users/dogan/Library/Developer/Xcode/DerivedData/WatchYourDay-biohctigausgrrdaiiiqanrjnyyy/SourcePackages/checkouts/swift-nio/Sources/CNIOAtomics/include -Xcc -I/Users/dogan/Library/Developer/Xcode/DerivedData/WatchYourDay-biohctigausgrrdaiiiqanrjnyyy/SourcePackages/checkouts/swift-atomics/Sources/_AtomicsShims/include -Xcc -I/Users/dogan/Library/Developer/Xcode/DerivedData/WatchYourDay-biohctigausgrrdaiiiqanrjnyyy/SourcePackages/checkouts/swift-crypto/Sources/CCryptoBoringSSLShims/include -Xcc -I/Users/dogan/Library/Developer/Xcode/DerivedData/WatchYourDay-biohctigausgrrdaiiiqanrjnyyy/SourcePackages/checkouts/swift-crypto/Sources/CCryptoBoringSSL/include -Xcc -I/Users/dogan/Library/Developer/Xcode/DerivedData/WatchYourDay-biohctigausgrrdaiiiqanrjnyyy/SourcePackages/checkouts/Citadel/Sources/CCitadelBcrypt/include -Xcc -I/Users/dogan/Library/Developer/Xcode/DerivedData/WatchYourDay-biohctigausgrrdaiiiqanrjnyyy/Build/Products/Debug/include -Xcc -I/Users/dogan/Library/Developer/Xcode/DerivedData/WatchYourDay-biohctigausgrrdaiiiqanrjnyyy/Build/Intermediates.noindex/WatchYourDay.build/Debug/WatchYourDay.build/DerivedSources-normal/arm64 -Xcc -I/Users/dogan/Library/Developer/Xcode/DerivedData/WatchYourDay-biohctigausgrrdaiiiqanrjnyyy/Build/Intermediates.noindex/WatchYourDay.build/Debug/WatchYourDay.build/DerivedSources/arm64 -Xcc -I/Users/dogan/Library/Developer/Xcode/DerivedData/WatchYourDay-biohctigausgrrdaiiiqanrjnyyy/Build/Intermediates.noindex/WatchYourDay.build/Debug/WatchYourDay.build/DerivedSources -Xcc -DDEBUG\=1 -no-auto-bridging-header-chaining -module-name WatchYourDay -frontend-parseable-output -disable-clang-spi -target-sdk-version 26.1 -target-sdk-name macosx26.1 -clang-target arm64-apple-macos26.1 -in-process-plugin-server-path /Applications/Xcode.app/Contents/Developer/Toolchains/XcodeDefault.xctoolchain/usr/lib/swift/host/libSwiftInProcPluginServer.dylib -o /Users/dogan/Library/Developer/Xcode/DerivedData/WatchYourDay-biohctigausgrrdaiiiqanrjnyyy/Build/Intermediates.noindex/WatchYourDay.build/Debug/WatchYourDay.build/Objects-normal/arm64/UpdateService.o -index-unit-output-path /WatchYourDay.build/Debug/WatchYourDay.build/Objects-normal/arm64/UpdateService.o -index-store-path /Users/dogan/Library/Developer/Xcode/DerivedData/WatchYourDay-biohctigausgrrdaiiiqanrjnyyy/Index.noindex/DataStore -index-system-modules
SwiftEmitModule normal arm64 Emitting\ module\ for\ WatchYourDay (in target 'WatchYourDay' from project 'WatchYourDay')
EmitSwiftModule normal arm64 (in target 'WatchYourDay' from project 'WatchYourDay')
    cd /Users/dogan/Desktop/WatchYourComputer/WatchYourDay
    

SwiftCompile normal arm64 Compiling\ AboutSettingsView.swift /Users/dogan/Desktop/WatchYourComputer/WatchYourDay/WatchYourDay/UI/Settings/AboutSettingsView.swift (in target 'WatchYourDay' from project 'WatchYourDay')
Failed frontend command:
/Applications/Xcode.app/Contents/Developer/Toolchains/XcodeDefault.xctoolchain/usr/bin/swift-frontend -frontend -c /Users/dogan/Desktop/WatchYourComputer/WatchYourDay/WatchYourDay/Data/ImageStorageManager.swift /Users/dogan/Desktop/WatchYourComputer/WatchYourDay/WatchYourDay/Data/Models.swift /Users/dogan/Desktop/WatchYourComputer/WatchYourDay/WatchYourDay/Data/Persistence.swift /Users/dogan/Desktop/WatchYourComputer/WatchYourDay/WatchYourDay/Services/AIService.swift /Users/dogan/Desktop/WatchYourComputer/WatchYourDay/WatchYourDay/Services/AIServiceProtocol.swift /Users/dogan/Desktop/WatchYourComputer/WatchYourDay/WatchYourDay/Services/BlacklistManager.swift /Users/dogan/Desktop/WatchYourComputer/WatchYourDay/WatchYourDay/Services/CategoryService.swift /Users/dogan/Desktop/WatchYourComputer/WatchYourDay/WatchYourDay/Services/EmbeddingService.swift /Users/dogan/Desktop/WatchYourComputer/WatchYourDay/WatchYourDay/Services/ExportService.swift /Users/dogan/Desktop/WatchYourComputer/WatchYourDay/WatchYourDay/Services/KeychainManager.swift /Users/dogan/Desktop/WatchYourComputer/WatchYourDay/WatchYourDay/Services/LaunchManager.swift /Users/dogan/Desktop/WatchYourComputer/WatchYourDay/WatchYourDay/Services/Logger.swift /Users/dogan/Desktop/WatchYourComputer/WatchYourDay/WatchYourDay/Services/OCRService.swift /Users/dogan/Desktop/WatchYourComputer/WatchYourDay/WatchYourDay/Services/OllamaService.swift /Users/dogan/Desktop/WatchYourComputer/WatchYourDay/WatchYourDay/Services/PermissionManager.swift /Users/dogan/Desktop/WatchYourComputer/WatchYourDay/WatchYourDay/Services/PrivacyGuard.swift /Users/dogan/Desktop/WatchYourComputer/WatchYourDay/WatchYourDay/Services/RAGService.swift /Users/dogan/Desktop/WatchYourComputer/WatchYourDay/WatchYourDay/Services/ReportService.swift /Users/dogan/Desktop/WatchYourComputer/WatchYourDay/WatchYourDay/Services/RetentionManager.swift /Users/dogan/Desktop/WatchYourComputer/WatchYourDay/WatchYourDay/Services/ScreenCaptureService.swift /Users/dogan/Desktop/WatchYourComputer/WatchYourDay/WatchYourDay/Services/StatsService.swift /Users/dogan/Desktop/WatchYourComputer/WatchYourDay/WatchYourDay/Services/UpdateService.swift /Users/dogan/Desktop/WatchYourComputer/WatchYourDay/WatchYourDay/Services/VectorStore.swift /Users/dogan/Desktop/WatchYourComputer/WatchYourDay/WatchYourDay/UI/Components/ActivityTimelineCard.swift /Users/dogan/Desktop/WatchYourComputer/WatchYourDay/WatchYourDay/UI/Components/AISummaryCard.swift /Users/dogan/Desktop/WatchYourComputer/WatchYourDay/WatchYourDay/UI/Components/CategoryBreakdownCard.swift /Users/dogan/Desktop/WatchYourComputer/WatchYourDay/WatchYourDay/UI/Components/DailyActivityList.swift /Users/dogan/Desktop/WatchYourComputer/WatchYourDay/WatchYourDay/UI/Components/EmptyStateView.swift /Users/dogan/Desktop/WatchYourComputer/WatchYourDay/WatchYourDay/UI/Components/FocusOverviewCard.swift /Users/dogan/Desktop/WatchYourComputer/WatchYourDay/WatchYourDay/UI/Components/StatBox.swift /Users/dogan/Desktop/WatchYourComputer/WatchYourDay/WatchYourDay/UI/Components/TopAppsCard.swift -primary-file /Users/dogan/Desktop/WatchYourComputer/WatchYourDay/WatchYourDay/UI/Settings/AboutSettingsView.swift /Users/dogan/Desktop/WatchYourComputer/WatchYourDay/WatchYourDay/UI/Settings/AISettingsView.swift /Users/dogan/Desktop/WatchYourComputer/WatchYourDay/WatchYourDay/UI/Settings/ExportSettingsView.swift /Users/dogan/Desktop/WatchYourComputer/WatchYourDay/WatchYourDay/UI/Settings/PrivacySettingsView.swift /Users/dogan/Desktop/WatchYourComputer/WatchYourDay/WatchYourDay/UI/Settings/StorageSettingsView.swift /Users/dogan/Desktop/WatchYourComputer/WatchYourDay/WatchYourDay/UI/Settings/SystemSettingsView.swift /Users/dogan/Desktop/WatchYourComputer/WatchYourDay/WatchYourDay/UI/ChatView.swift /Users/dogan/Desktop/WatchYourComputer/WatchYourDay/WatchYourDay/UI/DateNavigationView.swift /Users/dogan/Desktop/WatchYourComputer/WatchYourDay/WatchYourDay/UI/DesignSystem.swift /Users/dogan/Desktop/WatchYourComputer/WatchYourDay/WatchYourDay/UI/DetailPanelView.swift /Users/dogan/Desktop/WatchYourComputer/WatchYourDay/WatchYourDay/UI/IconSidebarView.swift /Users/dogan/Desktop/WatchYourComputer/WatchYourDay/WatchYourDay/UI/OnboardingView.swift /Users/dogan/Desktop/WatchYourComputer/WatchYourDay/WatchYourDay/UI/PermissionView.swift /Users/dogan/Desktop/WatchYourComputer/WatchYourDay/WatchYourDay/UI/SearchView.swift /Users/dogan/Desktop/WatchYourComputer/WatchYourDay/WatchYourDay/UI/SettingsView.swift /Users/dogan/Desktop/WatchYourComputer/WatchYourDay/WatchYourDay/UI/StatsView.swift /Users/dogan/Desktop/WatchYourComputer/WatchYourDay/WatchYourDay/UI/TimelineColumnView.swift /Users/dogan/Desktop/WatchYourComputer/WatchYourDay/WatchYourDay/UI/WindowManager.swift /Users/dogan/Desktop/WatchYourComputer/WatchYourDay/WatchYourDay/ContentView.swift /Users/dogan/Desktop/WatchYourComputer/WatchYourDay/WatchYourDay/WatchYourDayApp.swift /Users/dogan/Library/Developer/Xcode/DerivedData/WatchYourDay-biohctigausgrrdaiiiqanrjnyyy/Build/Intermediates.noindex/WatchYourDay.build/Debug/WatchYourDay.build/DerivedSources/GeneratedAssetSymbols.swift -emit-dependencies-path /Users/dogan/Library/Developer/Xcode/DerivedData/WatchYourDay-biohctigausgrrdaiiiqanrjnyyy/Build/Intermediates.noindex/WatchYourDay.build/Debug/WatchYourDay.build/Objects-normal/arm64/AboutSettingsView.d -emit-const-values-path /Users/dogan/Library/Developer/Xcode/DerivedData/WatchYourDay-biohctigausgrrdaiiiqanrjnyyy/Build/Intermediates.noindex/WatchYourDay.build/Debug/WatchYourDay.build/Objects-normal/arm64/AboutSettingsView.swiftconstvalues -emit-reference-dependencies-path /Users/dogan/Library/Developer/Xcode/DerivedData/WatchYourDay-biohctigausgrrdaiiiqanrjnyyy/Build/Intermediates.noindex/WatchYourDay.build/Debug/WatchYourDay.build/Objects-normal/arm64/AboutSettingsView.swiftdeps -serialize-diagnostics-path /Users/dogan/Library/Developer/Xcode/DerivedData/WatchYourDay-biohctigausgrrdaiiiqanrjnyyy/Build/Intermediates.noindex/WatchYourDay.build/Debug/WatchYourDay.build/Objects-normal/arm64/AboutSettingsView.dia -emit-localized-strings -emit-localized-strings-path /Users/dogan/Library/Developer/Xcode/DerivedData/WatchYourDay-biohctigausgrrdaiiiqanrjnyyy/Build/Intermediates.noindex/WatchYourDay.build/Debug/WatchYourDay.build/Objects-normal/arm64 -target arm64-apple-macos26.0 -module-can-import-version AppKit 2685.20.119 2685.20.119 -module-can-import-version DeveloperToolsSupport 23.0.4 23.0.4 -module-can-import-version SwiftUI 7.1.13.1 7.1.13 -disable-cross-import-overlay-search -swift-module-cross-import SwiftData /Applications/Xcode.app/Contents/Developer/Platforms/MacOSX.platform/Developer/SDKs/MacOSX26.1.sdk/System/Library/Frameworks/SwiftData.framework/Modules/SwiftData.swiftcrossimport/CoreData.swiftoverlay -swift-module-cross-import SwiftData /Applications/Xcode.app/Contents/Developer/Platforms/MacOSX.platform/Developer/SDKs/MacOSX26.1.sdk/System/Library/Frameworks/SwiftData.framework/Modules/SwiftData.swiftcrossimport/SwiftUI.swiftoverlay -load-resolved-plugin /Applications/Xcode.app/Contents/Developer/Platforms/MacOSX.platform/Developer/usr/lib/swift/host/plugins/libFoundationMacros.dylib\#/Applications/Xcode.app/Contents/Developer/Platforms/MacOSX.platform/Developer/usr/bin/swift-plugin-server\#FoundationMacros -load-resolved-plugin /Applications/Xcode.app/Contents/Developer/Platforms/MacOSX.platform/Developer/usr/lib/swift/host/plugins/libObservationMacros.dylib\#/Applications/Xcode.app/Contents/Developer/Platforms/MacOSX.platform/Developer/usr/bin/swift-plugin-server\#ObservationMacros -load-resolved-plugin /Applications/Xcode.app/Contents/Developer/Platforms/MacOSX.platform/Developer/usr/lib/swift/host/plugins/libPreviewsMacros.dylib\#/Applications/Xcode.app/Contents/Developer/Platforms/MacOSX.platform/Developer/usr/bin/swift-plugin-server\#PreviewsMacros -load-resolved-plugin /Applications/Xcode.app/Contents/Developer/Platforms/MacOSX.platform/Developer/usr/lib/swift/host/plugins/libSwiftDataMacros.dylib\#/Applications/Xcode.app/Contents/Developer/Platforms/MacOSX.platform/Developer/usr/bin/swift-plugin-server\#SwiftDataMacros -load-resolved-plugin /Applications/Xcode.app/Contents/Developer/Platforms/MacOSX.platform/Developer/usr/lib/swift/host/plugins/libSwiftMacros.dylib\#/Applications/Xcode.app/Contents/Developer/Platforms/MacOSX.platform/Developer/usr/bin/swift-plugin-server\#SwiftMacros -load-resolved-plugin /Applications/Xcode.app/Contents/Developer/Platforms/MacOSX.platform/Developer/usr/lib/swift/host/plugins/libSwiftUIMacros.dylib\#/Applications/Xcode.app/Contents/Developer/Platforms/MacOSX.platform/Developer/usr/bin/swift-plugin-server\#SwiftUIMacros -disable-implicit-swift-modules -Xcc -fno-implicit-modules -Xcc -fno-implicit-module-maps -explicit-swift-module-map-file /Users/dogan/Library/Developer/Xcode/DerivedData/WatchYourDay-biohctigausgrrdaiiiqanrjnyyy/Build/Intermediates.noindex/WatchYourDay.build/Debug/WatchYourDay.build/Objects-normal/arm64/WatchYourDay-dependencies-1.json -Xllvm -aarch64-use-tbi -enable-objc-interop -stack-check -sdk /Applications/Xcode.app/Contents/Developer/Platforms/MacOSX.platform/Developer/SDKs/MacOSX26.1.sdk -I /Users/dogan/Library/Developer/Xcode/DerivedData/WatchYourDay-biohctigausgrrdaiiiqanrjnyyy/Build/Products/Debug -F /Users/dogan/Library/Developer/Xcode/DerivedData/WatchYourDay-biohctigausgrrdaiiiqanrjnyyy/Build/Products/Debug/PackageFrameworks -F /Users/dogan/Library/Developer/Xcode/DerivedData/WatchYourDay-biohctigausgrrdaiiiqanrjnyyy/Build/Products/Debug/PackageFrameworks -F /Users/dogan/Library/Developer/Xcode/DerivedData/WatchYourDay-biohctigausgrrdaiiiqanrjnyyy/Build/Products/Debug/PackageFrameworks -F /Users/dogan/Library/Developer/Xcode/DerivedData/WatchYourDay-biohctigausgrrdaiiiqanrjnyyy/Build/Products/Debug/PackageFrameworks -F /Users/dogan/Library/Developer/Xcode/DerivedData/WatchYourDay-biohctigausgrrdaiiiqanrjnyyy/Build/Products/Debug/PackageFrameworks -F /Users/dogan/Library/Developer/Xcode/DerivedData/WatchYourDay-biohctigausgrrdaiiiqanrjnyyy/Build/Products/Debug/PackageFrameworks -F /Users/dogan/Library/Developer/Xcode/DerivedData/WatchYourDay-biohctigausgrrdaiiiqanrjnyyy/Build/Products/Debug/PackageFrameworks -F /Users/dogan/Library/Developer/Xcode/DerivedData/WatchYourDay-biohctigausgrrdaiiiqanrjnyyy/Build/Products/Debug/PackageFrameworks -F /Users/dogan/Library/Developer/Xcode/DerivedData/WatchYourDay-biohctigausgrrdaiiiqanrjnyyy/Build/Products/Debug/PackageFrameworks -F /Users/dogan/Library/Developer/Xcode/DerivedData/WatchYourDay-biohctigausgrrdaiiiqanrjnyyy/Build/Products/Debug/PackageFrameworks -F /Users/dogan/Library/Developer/Xcode/DerivedData/WatchYourDay-biohctigausgrrdaiiiqanrjnyyy/Build/Products/Debug/PackageFrameworks -F /Users/dogan/Library/Developer/Xcode/DerivedData/WatchYourDay-biohctigausgrrdaiiiqanrjnyyy/Build/Products/Debug/PackageFrameworks -F /Users/dogan/Library/Developer/Xcode/DerivedData/WatchYourDay-biohctigausgrrdaiiiqanrjnyyy/Build/Products/Debug/PackageFrameworks -F /Users/dogan/Library/Developer/Xcode/DerivedData/WatchYourDay-biohctigausgrrdaiiiqanrjnyyy/Build/Products/Debug/PackageFrameworks -F /Users/dogan/Library/Developer/Xcode/DerivedData/WatchYourDay-biohctigausgrrdaiiiqanrjnyyy/Build/Products/Debug/PackageFrameworks -F /Users/dogan/Library/Developer/Xcode/DerivedData/WatchYourDay-biohctigausgrrdaiiiqanrjnyyy/Build/Products/Debug/PackageFrameworks -F /Users/dogan/Library/Developer/Xcode/DerivedData/WatchYourDay-biohctigausgrrdaiiiqanrjnyyy/Build/Products/Debug/PackageFrameworks -F /Users/dogan/Library/Developer/Xcode/DerivedData/WatchYourDay-biohctigausgrrdaiiiqanrjnyyy/Build/Products/Debug/PackageFrameworks -F /Users/dogan/Library/Developer/Xcode/DerivedData/WatchYourDay-biohctigausgrrdaiiiqanrjnyyy/Build/Products/Debug/PackageFrameworks -F /Users/dogan/Library/Developer/Xcode/DerivedData/WatchYourDay-biohctigausgrrdaiiiqanrjnyyy/Build/Products/Debug/PackageFrameworks -F /Users/dogan/Library/Developer/Xcode/DerivedData/WatchYourDay-biohctigausgrrdaiiiqanrjnyyy/Build/Products/Debug/PackageFrameworks -F /Users/dogan/Library/Developer/Xcode/DerivedData/WatchYourDay-biohctigausgrrdaiiiqanrjnyyy/Build/Products/Debug/PackageFrameworks -F /Users/dogan/Library/Developer/Xcode/DerivedData/WatchYourDay-biohctigausgrrdaiiiqanrjnyyy/Build/Products/Debug/PackageFrameworks -F /Users/dogan/Library/Developer/Xcode/DerivedData/WatchYourDay-biohctigausgrrdaiiiqanrjnyyy/Build/Products/Debug/PackageFrameworks -F /Users/dogan/Library/Developer/Xcode/DerivedData/WatchYourDay-biohctigausgrrdaiiiqanrjnyyy/Build/Products/Debug/PackageFrameworks -F /Users/dogan/Library/Developer/Xcode/DerivedData/WatchYourDay-biohctigausgrrdaiiiqanrjnyyy/Build/Products/Debug/PackageFrameworks -F /Users/dogan/Library/Developer/Xcode/DerivedData/WatchYourDay-biohctigausgrrdaiiiqanrjnyyy/Build/Products/Debug/PackageFrameworks -F /Users/dogan/Library/Developer/Xcode/DerivedData/WatchYourDay-biohctigausgrrdaiiiqanrjnyyy/Build/Products/Debug/PackageFrameworks -F /Users/dogan/Library/Developer/Xcode/DerivedData/WatchYourDay-biohctigausgrrdaiiiqanrjnyyy/Build/Products/Debug/PackageFrameworks -F /Users/dogan/Library/Developer/Xcode/DerivedData/WatchYourDay-biohctigausgrrdaiiiqanrjnyyy/Build/Products/Debug/PackageFrameworks -F /Users/dogan/Library/Developer/Xcode/DerivedData/WatchYourDay-biohctigausgrrdaiiiqanrjnyyy/Build/Products/Debug -no-color-diagnostics -Xcc -fno-color-diagnostics -enable-testing -g -debug-info-format\=dwarf -dwarf-version\=5 -module-cache-path /Users/dogan/Library/Developer/Xcode/DerivedData/WatchYourDay-biohctigausgrrdaiiiqanrjnyyy/Build/Intermediates.noindex/SwiftExplicitPrecompiledModules -profile-generate -profile-coverage-mapping -swift-version 5 -enforce-exclusivity\=checked -Onone -D DEBUG -serialize-debugging-options -const-gather-protocols-file /Users/dogan/Library/Developer/Xcode/DerivedData/WatchYourDay-biohctigausgrrdaiiiqanrjnyyy/Build/Intermediates.noindex/WatchYourDay.build/Debug/WatchYourDay.build/Objects-normal/arm64/WatchYourDay_const_extract_protocols.json -enable-upcoming-feature DisableOutwardActorInference -enable-upcoming-feature InferSendableFromCaptures -enable-upcoming-feature GlobalActorIsolatedTypesUsability -enable-upcoming-feature MemberImportVisibility -enable-upcoming-feature InferIsolatedConformances -enable-upcoming-feature NonisolatedNonsendingByDefault -enable-experimental-feature DebugDescriptionMacro -enable-bare-slash-regex -default-isolation\=MainActor -empty-abi-descriptor -validate-clang-modules-once -clang-build-session-file /Users/dogan/Library/Developer/Xcode/DerivedData/ModuleCache.noindex/Session.modulevalidation -Xcc -working-directory -Xcc /Users/dogan/Desktop/WatchYourComputer/WatchYourDay -enable-anonymous-context-mangled-names -file-compilation-dir /Users/dogan/Desktop/WatchYourComputer/WatchYourDay -Xcc -fmodule-map-file\=/Users/dogan/Library/Developer/Xcode/DerivedData/WatchYourDay-biohctigausgrrdaiiiqanrjnyyy/Build/Intermediates.noindex/GeneratedModuleMaps/CNIOPosix.modulemap -Xcc -fmodule-map-file\=/Users/dogan/Library/Developer/Xcode/DerivedData/WatchYourDay-biohctigausgrrdaiiiqanrjnyyy/Build/Intermediates.noindex/GeneratedModuleMaps/CNIOWASI.modulemap -Xcc -fmodule-map-file\=/Users/dogan/Library/Developer/Xcode/DerivedData/WatchYourDay-biohctigausgrrdaiiiqanrjnyyy/Build/Intermediates.noindex/GeneratedModuleMaps/CNIOLinux.modulemap -Xcc -fmodule-map-file\=/Users/dogan/Library/Developer/Xcode/DerivedData/WatchYourDay-biohctigausgrrdaiiiqanrjnyyy/Build/Intermediates.noindex/GeneratedModuleMaps/CNIODarwin.modulemap -Xcc -fmodule-map-file\=/Users/dogan/Library/Developer/Xcode/DerivedData/WatchYourDay-biohctigausgrrdaiiiqanrjnyyy/Build/Intermediates.noindex/GeneratedModuleMaps/CNIOOpenBSD.modulemap -Xcc -fmodule-map-file\=/Users/dogan/Library/Developer/Xcode/DerivedData/WatchYourDay-biohctigausgrrdaiiiqanrjnyyy/Build/Intermediates.noindex/GeneratedModuleMaps/CNIOAtomics.modulemap -Xcc -D_LIBCPP_HARDENING_MODE\=_LIBCPP_HARDENING_MODE_DEBUG -Xcc -ivfsstatcache -Xcc /Users/dogan/Library/Developer/Xcode/DerivedData/SDKStatCaches.noindex/macosx26.1-25B74-3885c01c3e6b6a337905948deab2002e3ae1261907bdadc328169391a47051a6.sdkstatcache -Xcc -I/Users/dogan/Library/Developer/Xcode/DerivedData/WatchYourDay-biohctigausgrrdaiiiqanrjnyyy/Build/Intermediates.noindex/WatchYourDay.build/Debug/WatchYourDay.build/swift-overrides.hmap -Xcc -iquote -Xcc /Users/dogan/Library/Developer/Xcode/DerivedData/WatchYourDay-biohctigausgrrdaiiiqanrjnyyy/Build/Intermediates.noindex/WatchYourDay.build/Debug/WatchYourDay.build/WatchYourDay-generated-files.hmap -Xcc -I/Users/dogan/Library/Developer/Xcode/DerivedData/WatchYourDay-biohctigausgrrdaiiiqanrjnyyy/Build/Intermediates.noindex/WatchYourDay.build/Debug/WatchYourDay.build/WatchYourDay-own-target-headers.hmap -Xcc -I/Users/dogan/Library/Developer/Xcode/DerivedData/WatchYourDay-biohctigausgrrdaiiiqanrjnyyy/Build/Intermediates.noindex/WatchYourDay.build/Debug/WatchYourDay.build/WatchYourDay-all-non-framework-target-headers.hmap -Xcc -ivfsoverlay -Xcc /Users/dogan/Library/Developer/Xcode/DerivedData/WatchYourDay-biohctigausgrrdaiiiqanrjnyyy/Build/Intermediates.noindex/WatchYourDay.build/Debug/WatchYourDay-195c547bf4802171a7bd4265565003e7-VFS/all-product-headers.yaml -Xcc -iquote -Xcc /Users/dogan/Library/Developer/Xcode/DerivedData/WatchYourDay-biohctigausgrrdaiiiqanrjnyyy/Build/Intermediates.noindex/WatchYourDay.build/Debug/WatchYourDay.build/WatchYourDay-project-headers.hmap -Xcc -I/Users/dogan/Library/Developer/Xcode/DerivedData/WatchYourDay-biohctigausgrrdaiiiqanrjnyyy/SourcePackages/checkouts/swift-nio/Sources/CNIOPosix/include -Xcc -I/Users/dogan/Library/Developer/Xcode/DerivedData/WatchYourDay-biohctigausgrrdaiiiqanrjnyyy/SourcePackages/checkouts/swift-nio/Sources/CNIOWASI/include -Xcc -I/Users/dogan/Library/Developer/Xcode/DerivedData/WatchYourDay-biohctigausgrrdaiiiqanrjnyyy/SourcePackages/checkouts/swift-nio/Sources/CNIOWindows/include -Xcc -I/Users/dogan/Library/Developer/Xcode/DerivedData/WatchYourDay-biohctigausgrrdaiiiqanrjnyyy/SourcePackages/checkouts/swift-nio/Sources/CNIOLinux/include -Xcc -I/Users/dogan/Library/Developer/Xcode/DerivedData/WatchYourDay-biohctigausgrrdaiiiqanrjnyyy/SourcePackages/checkouts/swift-nio/Sources/CNIODarwin/include -Xcc -I/Users/dogan/Library/Developer/Xcode/DerivedData/WatchYourDay-biohctigausgrrdaiiiqanrjnyyy/SourcePackages/checkouts/swift-nio/Sources/CNIOOpenBSD/include -Xcc -I/Users/dogan/Library/Developer/Xcode/DerivedData/WatchYourDay-biohctigausgrrdaiiiqanrjnyyy/SourcePackages/checkouts/swift-nio/Sources/CNIOAtomics/include -Xcc -I/Users/dogan/Library/Developer/Xcode/DerivedData/WatchYourDay-biohctigausgrrdaiiiqanrjnyyy/SourcePackages/checkouts/swift-atomics/Sources/_AtomicsShims/include -Xcc -I/Users/dogan/Library/Developer/Xcode/DerivedData/WatchYourDay-biohctigausgrrdaiiiqanrjnyyy/SourcePackages/checkouts/swift-crypto/Sources/CCryptoBoringSSLShims/include -Xcc -I/Users/dogan/Library/Developer/Xcode/DerivedData/WatchYourDay-biohctigausgrrdaiiiqanrjnyyy/SourcePackages/checkouts/swift-crypto/Sources/CCryptoBoringSSL/include -Xcc -I/Users/dogan/Library/Developer/Xcode/DerivedData/WatchYourDay-biohctigausgrrdaiiiqanrjnyyy/SourcePackages/checkouts/Citadel/Sources/CCitadelBcrypt/include -Xcc -I/Users/dogan/Library/Developer/Xcode/DerivedData/WatchYourDay-biohctigausgrrdaiiiqanrjnyyy/Build/Products/Debug/include -Xcc -I/Users/dogan/Library/Developer/Xcode/DerivedData/WatchYourDay-biohctigausgrrdaiiiqanrjnyyy/Build/Intermediates.noindex/WatchYourDay.build/Debug/WatchYourDay.build/DerivedSources-normal/arm64 -Xcc -I/Users/dogan/Library/Developer/Xcode/DerivedData/WatchYourDay-biohctigausgrrdaiiiqanrjnyyy/Build/Intermediates.noindex/WatchYourDay.build/Debug/WatchYourDay.build/DerivedSources/arm64 -Xcc -I/Users/dogan/Library/Developer/Xcode/DerivedData/WatchYourDay-biohctigausgrrdaiiiqanrjnyyy/Build/Intermediates.noindex/WatchYourDay.build/Debug/WatchYourDay.build/DerivedSources -Xcc -DDEBUG\=1 -no-auto-bridging-header-chaining -module-name WatchYourDay -frontend-parseable-output -disable-clang-spi -target-sdk-version 26.1 -target-sdk-name macosx26.1 -clang-target arm64-apple-macos26.1 -in-process-plugin-server-path /Applications/Xcode.app/Contents/Developer/Toolchains/XcodeDefault.xctoolchain/usr/lib/swift/host/libSwiftInProcPluginServer.dylib -o /Users/dogan/Library/Developer/Xcode/DerivedData/WatchYourDay-biohctigausgrrdaiiiqanrjnyyy/Build/Intermediates.noindex/WatchYourDay.build/Debug/WatchYourDay.build/Objects-normal/arm64/AboutSettingsView.o -index-unit-output-path /WatchYourDay.build/Debug/WatchYourDay.build/Objects-normal/arm64/AboutSettingsView.o -index-store-path /Users/dogan/Library/Developer/Xcode/DerivedData/WatchYourDay-biohctigausgrrdaiiiqanrjnyyy/Index.noindex/DataStore -index-system-modules

SwiftCompile normal arm64 /Users/dogan/Desktop/WatchYourComputer/WatchYourDay/WatchYourDay/UI/Settings/AboutSettingsView.swift (in target 'WatchYourDay' from project 'WatchYourDay')
    cd /Users/dogan/Desktop/WatchYourComputer/WatchYourDay
    
/Users/dogan/Desktop/WatchYourComputer/WatchYourDay/WatchYourDay/UI/Settings/AboutSettingsView.swift:4:30: error: type 'UpdateService' does not conform to protocol 'ObservableObject'
    @StateObject private var updateService = UpdateService.shared
                             ^

SwiftCompile normal arm64 Compiling\ WatchYourDayApp.swift /Users/dogan/Desktop/WatchYourComputer/WatchYourDay/WatchYourDay/WatchYourDayApp.swift (in target 'WatchYourDay' from project 'WatchYourDay')

SwiftCompile normal arm64 /Users/dogan/Desktop/WatchYourComputer/WatchYourDay/WatchYourDay/WatchYourDayApp.swift (in target 'WatchYourDay' from project 'WatchYourDay')
    cd /Users/dogan/Desktop/WatchYourComputer/WatchYourDay
    

SwiftCompile normal arm64 Compiling\ Logger.swift /Users/dogan/Desktop/WatchYourComputer/WatchYourDay/WatchYourDay/Services/Logger.swift (in target 'WatchYourDay' from project 'WatchYourDay')

SwiftCompile normal arm64 /Users/dogan/Desktop/WatchYourComputer/WatchYourDay/WatchYourDay/Services/Logger.swift (in target 'WatchYourDay' from project 'WatchYourDay')
    cd /Users/dogan/Desktop/WatchYourComputer/WatchYourDay
    

** BUILD FAILED **


The following build commands failed:
	SwiftCompile normal arm64 /Users/dogan/Desktop/WatchYourComputer/WatchYourDay/WatchYourDay/Services/UpdateService.swift (in target 'WatchYourDay' from project 'WatchYourDay')
	SwiftCompile normal arm64 Compiling\ UpdateService.swift /Users/dogan/Desktop/WatchYourComputer/WatchYourDay/WatchYourDay/Services/UpdateService.swift (in target 'WatchYourDay' from project 'WatchYourDay')
	SwiftCompile normal arm64 Compiling\ AboutSettingsView.swift /Users/dogan/Desktop/WatchYourComputer/WatchYourDay/WatchYourDay/UI/Settings/AboutSettingsView.swift (in target 'WatchYourDay' from project 'WatchYourDay')
	SwiftCompile normal arm64 /Users/dogan/Desktop/WatchYourComputer/WatchYourDay/WatchYourDay/UI/Settings/AboutSettingsView.swift (in target 'WatchYourDay' from project 'WatchYourDay')
	Building project WatchYourDay with scheme WatchYourDay
(5 failures)
